Nov 19 18:19:29 miniupnpd[17815]: upnp_event_send: send(): Connection reset by peer
Nov 19 18:19:57 dnsmasq-dhcp[1184]: DHCPREQUEST(br0) 192.168.0.102 b4:2e:99:07:76:fa 
Nov 19 18:19:57 dnsmasq-dhcp[1184]: DHCPACK(br0) 192.168.0.102 b4:2e:99:07:76:fa DESKTOP-EF2VV4U
Nov 19 18:20:15 miniupnpd[17815]: upnp_event_process_notify: connect(192.168.0.102:2869): Connection reset by peer
Nov 19 18:21:22 miniupnpd[17815]: upnp_event_send: send(): Connection reset by peer
Nov 19 18:21:22 miniupnpd[17815]: upnp_event_process_notify: connect(192.168.0.102:2869): Connection reset by peer
Nov 19 18:21:52 dnsmasq-dhcp[1184]: DHCPREQUEST(br0) 192.168.0.102 b4:2e:99:07:76:fa 
Nov 19 18:21:52 dnsmasq-dhcp[1184]: DHCPACK(br0) 192.168.0.102 b4:2e:99:07:76:fa DESKTOP-EF2VV4U
Nov 19 18:22:01 dnsmasq-dhcp[1184]: DHCPREQUEST(br0) 192.168.0.247 8a:fd:d8:79:4e:17 
Nov 19 18:22:01 dnsmasq-dhcp[1184]: DHCPACK(br0) 192.168.0.247 8a:fd:d8:79:4e:17 iPhone
Nov 19 18:22:09 miniupnpd[17815]: upnp_event_send: send(): Connection reset by peer
Nov 19 18:28:55 miniupnpd[17815]: upnp_event_send: send(): Connection reset by peer
Nov 19 18:29:25 dnsmasq-dhcp[1184]: DHCPREQUEST(br0) 192.168.0.102 b4:2e:99:07:76:fa 
Nov 19 18:29:25 dnsmasq-dhcp[1184]: DHCPACK(br0) 192.168.0.102 b4:2e:99:07:76:fa DESKTOP-EF2VV4U
Nov 19 18:29:43 miniupnpd[17815]: upnp_event_send: send(): Connection reset by peer
Nov 19 18:31:05 miniupnpd[17815]: upnp_event_send: send(): Connection reset by peer
Nov 19 18:31:35 dnsmasq-dhcp[1184]: DHCPREQUEST(br0) 192.168.0.102 b4:2e:99:07:76:fa 
Nov 19 18:31:35 dnsmasq-dhcp[1184]: DHCPACK(br0) 192.168.0.102 b4:2e:99:07:76:fa DESKTOP-EF2VV4U
Nov 19 18:31:53 miniupnpd[17815]: upnp_event_send: send(): Connection reset by peer
Nov 19 18:49:48 dnsmasq-dhcp[1184]: DHCPREQUEST(br0) 192.168.0.102 b4:2e:99:07:76:fa 
Nov 19 18:49:48 dnsmasq-dhcp[1184]: DHCPACK(br0) 192.168.0.102 b4:2e:99:07:76:fa DESKTOP-EF2VV4U
Nov 19 18:50:06 dnsmasq-dhcp[1184]: DHCPREQUEST(br0) 192.168.0.83 1e:88:ff:78:d3:02 
Nov 19 18:50:06 dnsmasq-dhcp[1184]: DHCPACK(br0) 192.168.0.83 1e:88:ff:78:d3:02 iPhone
Nov 19 19:07:10 pptpd[32094]: CTRL: Client 78.128.113.66 control connection started
Nov 19 19:07:10 pptpd[32094]: CTRL: Starting call (launching pppd, opening GRE)
Nov 19 19:07:10 pptp[32095]: Plugin pptp.so loaded.
Nov 19 19:07:10 pptp[32095]: PPTP plugin version 0.8.5 compiled for pppd-2.4.7, linux-2.6.36.4
Nov 19 19:07:10 pptp[32095]: pppd 2.4.7 started by utylee, uid 0
Nov 19 19:07:10 pptp[32095]: Using interface ppp10
Nov 19 19:07:10 pptp[32095]: Connect: ppp10 <--> pptp (78.128.113.66)
Nov 19 19:07:15 pptp[32095]: appear to have received our own echo-reply!
Nov 19 19:07:15 pptp[32095]: No CHAP secret found for authenticating 111111
Nov 19 19:07:15 pptp[32095]: Peer 111111 failed CHAP authentication
Nov 19 19:07:15 pptpd[32094]: CTRL: EOF or bad error reading ctrl packet length.
Nov 19 19:07:15 pptpd[32094]: CTRL: couldn't read packet header (exit)
Nov 19 19:07:15 pptpd[32094]: CTRL: CTRL read failed
Nov 19 19:07:15 pptpd[32094]: CTRL: Client pppd TERM sending
Nov 19 19:07:15 pptpd[32094]: CTRL: Client pppd finish wait
Nov 19 19:07:15 pptp[32095]: Terminating on signal 15
Nov 19 19:07:21 pptp[32095]: Connection terminated.
Nov 19 19:07:21 pptp[32095]: Modem hangup
Nov 19 19:07:21 pptp[32095]: Exit.
Nov 19 19:07:21 pptpd[32094]: CTRL: Client 78.128.113.66 control connection finished
Nov 19 19:07:21 kernel: Interface ppp10 doesn't exist
Nov 19 19:07:21 kernel: Interface ppp10 doesn't exist
Nov 19 19:18:29 miniupnpd[17815]: upnp_event_send: send(): Connection reset by peer
Nov 19 21:32:53 dnsmasq-dhcp[1184]: DHCPDISCOVER(br0) 8a:fd:d8:79:4e:17 
Nov 19 21:32:53 dnsmasq-dhcp[1184]: DHCPOFFER(br0) 192.168.0.247 8a:fd:d8:79:4e:17 
Nov 19 21:32:54 dnsmasq-dhcp[1184]: DHCPREQUEST(br0) 192.168.0.247 8a:fd:d8:79:4e:17 
Nov 19 21:32:54 dnsmasq-dhcp[1184]: DHCPACK(br0) 192.168.0.247 8a:fd:d8:79:4e:17 iPhone
Nov 19 21:34:12 dnsmasq-dhcp[1184]: DHCPDISCOVER(br0) 1e:88:ff:78:d3:02 
Nov 19 21:34:12 dnsmasq-dhcp[1184]: DHCPOFFER(br0) 192.168.0.83 1e:88:ff:78:d3:02 
Nov 19 21:34:13 dnsmasq-dhcp[1184]: DHCPREQUEST(br0) 192.168.0.83 1e:88:ff:78:d3:02 
Nov 19 21:34:13 dnsmasq-dhcp[1184]: DHCPACK(br0) 192.168.0.83 1e:88:ff:78:d3:02 iPhone
Nov 19 21:39:37 dnsmasq-dhcp[1184]: DHCPREQUEST(br0) 192.168.0.102 b4:2e:99:07:76:fa 
Nov 19 21:39:37 dnsmasq-dhcp[1184]: DHCPACK(br0) 192.168.0.102 b4:2e:99:07:76:fa DESKTOP-EF2VV4U
Nov 19 21:39:54 miniupnpd[17815]: upnp_event_send: send(): Connection reset by peer
Nov 19 22:14:45 kernel: nvram: consolidating space!
Nov 19 22:30:17 dnsmasq-dhcp[1184]: DHCPDISCOVER(br0) e4:7c:f9:55:42:50 
Nov 19 22:30:17 dnsmasq-dhcp[1184]: DHCPOFFER(br0) 192.168.0.150 e4:7c:f9:55:42:50 
Nov 19 22:30:17 dnsmasq-dhcp[1184]: DHCPREQUEST(br0) 192.168.0.150 e4:7c:f9:55:42:50 
Nov 19 22:30:17 dnsmasq-dhcp[1184]: DHCPACK(br0) 192.168.0.150 e4:7c:f9:55:42:50 
Nov 19 22:37:23 dnsmasq-dhcp[1184]: DHCPREQUEST(br0) 192.168.0.203 00:1e:06:30:cc:5b 
Nov 19 22:37:23 dnsmasq-dhcp[1184]: DHCPACK(br0) 192.168.0.203 00:1e:06:30:cc:5b odroid-HC2
Nov 19 22:38:53 dnsmasq-dhcp[1184]: DHCPREQUEST(br0) 192.168.0.59 e0:b9:ba:bf:91:48 
Nov 19 22:38:53 dnsmasq-dhcp[1184]: DHCPACK(br0) 192.168.0.59 e0:b9:ba:bf:91:48 TaeyooneeuiiPad
Aug  1 09:00:12 syslogd started: BusyBox v1.25.1
Aug  1 09:00:12 kernel: klogd started: BusyBox v1.25.1 (2017-07-16 21:49:40 MSK)
Aug  1 09:00:12 kernel: Linux version 2.6.36.4brcmarm (root@ubuntu) (gcc version 4.5.3 (Buildroot 2012.02) ) #1 SMP PREEMPT Sun Jul 16 21:53:39 MSK 2017
Aug  1 09:00:12 kernel: CPU: ARMv7 Processor [413fc090] revision 0 (ARMv7), cr=10c53c7f
Aug  1 09:00:12 kernel: CPU: VIPT nonaliasing data cache, VIPT nonaliasing instruction cache
Aug  1 09:00:12 kernel: Machine: Northstar Prototype
Aug  1 09:00:12 kernel: Ignoring unrecognised tag 0x00000000
Aug  1 09:00:12 kernel: bootconsole [earlycon0] enabled
Aug  1 09:00:12 kernel: Memory policy: ECC disabled, Data cache writealloc
Aug  1 09:00:12 kernel: MPCORE found at 19020000
Aug  1 09:00:12 kernel: PERCPU: Embedded 7 pages/cpu @c8215000 s5472 r8192 d15008 u65536
Aug  1 09:00:12 kernel: pcpu-alloc: s5472 r8192 d15008 u65536 alloc=16*4096
Aug  1 09:00:12 kernel: pcpu-alloc: [0] 0 [0] 1 
Aug  1 09:00:12 kernel: Built 1 zonelists in Zone order, mobility grouping on.  Total pages: 60416
Aug  1 09:00:12 kernel: Kernel command line: root=/dev/mtdblock2 console=ttyS0,115200 init=/sbin/preinit earlyprintk debug
Aug  1 09:00:12 kernel: PID hash table entries: 1024 (order: 0, 4096 bytes)
Aug  1 09:00:12 kernel: Dentry cache hash table entries: 32768 (order: 5, 131072 bytes)
Aug  1 09:00:12 kernel: Inode-cache hash table entries: 16384 (order: 4, 65536 bytes)
Aug  1 09:00:12 kernel: Memory: 128MB 128MB = 256MB total
Aug  1 09:00:12 kernel: Memory: 255512k/255512k available, 6632k reserved, 0K highmem
Aug  1 09:00:12 kernel: Virtual kernel memory layout:
Aug  1 09:00:12 kernel:     vector  : 0xffff0000 - 0xffff1000   (   4 kB)
Aug  1 09:00:12 kernel:     fixmap  : 0xfff00000 - 0xfffe0000   ( 896 kB)
Aug  1 09:00:12 kernel:     DMA     : 0xf7e00000 - 0xffe00000   ( 128 MB)
Aug  1 09:00:12 kernel:     vmalloc : 0xd0800000 - 0xf0000000   ( 504 MB)
Aug  1 09:00:12 kernel:     lowmem  : 0xc0000000 - 0xd0000000   ( 256 MB)
Aug  1 09:00:12 kernel:     modules : 0xbf000000 - 0xc0000000   (  16 MB)
Aug  1 09:00:12 kernel:       .init : 0xc0008000 - 0xc003d000   ( 212 kB)
Aug  1 09:00:12 kernel:       .text : 0xc003d000 - 0xc03a9000   (3504 kB)
Aug  1 09:00:12 kernel:       .data : 0xc03c0000 - 0xc03e32e0   ( 141 kB)
Aug  1 09:00:12 kernel: SLUB: Genslabs=11, HWalign=32, Order=0-3, MinObjects=0, CPUs=2, Nodes=1
Aug  1 09:00:12 kernel: Hierarchical RCU implementation.
Aug  1 09:00:12 kernel: 	RCU-based detection of stalled CPUs is disabled.
Aug  1 09:00:12 kernel: 	Verbose stalled-CPUs detection is disabled.
Aug  1 09:00:12 kernel: NR_IRQS:256
Aug  1 09:00:12 kernel: MPCORE GIC init
Aug  1 09:00:12 kernel: External imprecise Data abort at addr=0x0, fsr=0x1c06 ignored.
Aug  1 09:00:12 kernel: MPCORE Global Timer Clock 500000000Hz
Aug  1 09:00:12 kernel: Calibrating delay loop... 1998.84 BogoMIPS (lpj=9994240)
Aug  1 09:00:12 kernel: pid_max: default: 32768 minimum: 301
Aug  1 09:00:12 kernel: Mount-cache hash table entries: 512
Aug  1 09:00:12 kernel: CPU: Testing write buffer coherency: ok
Aug  1 09:00:12 kernel: MPCORE Private timer setup CPU0
Aug  1 09:00:12 kernel: Calibrating local timer... 499.841MHz.
Aug  1 09:00:12 kernel: L310: cache controller enabled 16 ways, CACHE_ID 0x410000c8, AUX_CTRL 0x7a130000
Aug  1 09:00:12 kernel: CPU1: Booted secondary processor
Aug  1 09:00:12 kernel: MPCORE Private timer setup CPU1
Aug  1 09:00:12 kernel: Brought up 2 CPUs
Aug  1 09:00:12 kernel: SMP: Total of 2 processors activated (3997.69 BogoMIPS).
Aug  1 09:00:12 kernel: devtmpfs: initialized
Aug  1 09:00:12 kernel: atomic64 test passed
Aug  1 09:00:12 kernel: NET: Registered protocol family 16
Aug  1 09:00:12 kernel: Found a Mxic NAND flash:
Aug  1 09:00:12 kernel: Total size:  128MB
Aug  1 09:00:12 kernel: Block size:  128KB
Aug  1 09:00:12 kernel: Page Size:   2048B
Aug  1 09:00:12 kernel: OOB Size:    64B
Aug  1 09:00:12 kernel: Sector size: 512B
Aug  1 09:00:12 kernel: Spare size:  16B
Aug  1 09:00:12 kernel: ECC level:   8 (8-bit)
Aug  1 09:00:12 kernel: Device ID: 0xc2 0xf1 0x80 0x95 0x 2 0x00
Aug  1 09:00:12 kernel: CCA UART Clock Config: Sel=1 Ovr=1 Div=48
Aug  1 09:00:12 kernel: CCA UART Clock rate 125000000Hz
Aug  1 09:00:12 kernel: bio: create slab <bio-0> at 0
Aug  1 09:00:12 kernel: Switching to clocksource mpcore_gtimer
Aug  1 09:00:12 kernel: NET: Registered protocol family 2
Aug  1 09:00:12 kernel: IP route cache hash table entries: 2048 (order: 1, 8192 bytes)
Aug  1 09:00:12 kernel: TCP established hash table entries: 8192 (order: 4, 65536 bytes)
Aug  1 09:00:12 kernel: TCP bind hash table entries: 8192 (order: 4, 98304 bytes)
Aug  1 09:00:12 kernel: TCP: Hash tables configured (established 8192 bind 8192)
Aug  1 09:00:12 kernel: TCP reno registered
Aug  1 09:00:12 kernel: UDP hash table entries: 128 (order: 0, 4096 bytes)
Aug  1 09:00:12 kernel: UDP-Lite hash table entries: 128 (order: 0, 4096 bytes)
Aug  1 09:00:12 kernel: NET: Registered protocol family 1
Aug  1 09:00:12 kernel: PCI: no core
Aug  1 09:00:12 kernel: PCI: no core
Aug  1 09:00:12 kernel: PCI: scanning bus 0
Aug  1 09:00:12 kernel: PCI: Fixing up bus 0
Aug  1 09:00:12 kernel: PCIE1 link=1
Aug  1 09:00:12 kernel: PCIE1 switching to GEN2
Aug  1 09:00:12 kernel: PCIE1 link=1
Aug  1 09:00:12 kernel: PCI: Fixing up bus 0
Aug  1 09:00:12 kernel: PCI: bus0: Fast back to back transfers disabled
Aug  1 09:00:12 kernel: PCI: Fixing up bus 1
Aug  1 09:00:12 kernel: PCI: bus1: Fast back to back transfers disabled
Aug  1 09:00:12 kernel: pci 0001:00:00.0: BAR 8: assigned [mem 0x08000000-0x080fffff]
Aug  1 09:00:12 kernel: pci 0001:01:00.0: BAR 0: assigned [mem 0x08000000-0x08007fff 64bit]
Aug  1 09:00:12 kernel: pci 0001:01:00.0: BAR 0: set to [mem 0x08000000-0x08007fff 64bit] (PCI address [0x8000000-0x8007fff]
Aug  1 09:00:12 kernel: pci 0001:00:00.0: PCI bridge to [bus 01-01]
Aug  1 09:00:12 kernel: pci 0001:00:00.0:   bridge window [io  disabled]
Aug  1 09:00:12 kernel: pci 0001:00:00.0:   bridge window [mem 0x08000000-0x080fffff]
Aug  1 09:00:12 kernel: pci 0001:00:00.0:   bridge window [mem pref disabled]
Aug  1 09:00:12 kernel: PCIE2 link=1
Aug  1 09:00:12 kernel: PCIE2 switching to GEN2
Aug  1 09:00:12 kernel: PCIE2 link=1
Aug  1 09:00:12 kernel: PCI: Fixing up bus 0
Aug  1 09:00:12 kernel: PCI: bus0: Fast back to back transfers disabled
Aug  1 09:00:12 kernel: PCI: Fixing up bus 2
Aug  1 09:00:12 kernel: PCI: bus2: Fast back to back transfers disabled
Aug  1 09:00:12 kernel: pci 0002:00:00.0: BAR 8: assigned [mem 0x40000000-0x400fffff]
Aug  1 09:00:12 kernel: pci 0002:02:00.0: BAR 0: assigned [mem 0x40000000-0x40007fff 64bit]
Aug  1 09:00:12 kernel: pci 0002:02:00.0: BAR 0: set to [mem 0x40000000-0x40007fff 64bit] (PCI address [0x40000000-0x40007fff]
Aug  1 09:00:12 kernel: pci 0002:00:00.0: PCI bridge to [bus 02-02]
Aug  1 09:00:12 kernel: pci 0002:00:00.0:   bridge window [io  disabled]
Aug  1 09:00:12 kernel: pci 0002:00:00.0:   bridge window [mem 0x40000000-0x400fffff]
Aug  1 09:00:12 kernel: pci 0002:00:00.0:   bridge window [mem pref disabled]
Aug  1 09:00:12 kernel: PCIE3 link=0
Aug  1 09:00:12 kernel: VFS: Disk quotas dquot_6.5.2
Aug  1 09:00:12 kernel: Dquot-cache hash table entries: 1024 (order 0, 4096 bytes)
Aug  1 09:00:12 kernel: squashfs: version 4.0 (2009/01/31) Phillip Lougher
Aug  1 09:00:12 kernel: fuse init (API version 7.15)
Aug  1 09:00:12 kernel: msgmni has been set to 499
Aug  1 09:00:12 kernel: io scheduler noop registered (default)
Aug  1 09:00:12 kernel: io scheduler deadline registered
Aug  1 09:00:12 kernel: io scheduler cfq registered
Aug  1 09:00:12 kernel: Serial: 8250/16550 driver, 2 ports, IRQ sharing disabled
Aug  1 09:00:12 kernel: serial8250.0: ttyS0 at MMIO 0x18000300 (irq = 117) is a 16550
Aug  1 09:00:12 kernel: console [ttyS0] enabled, bootconsole disabled
Aug  1 09:00:12 kernel: serial8250.0: ttyS1 at MMIO 0x18000400 (irq = 117) is a 16550
Aug  1 09:00:12 kernel: brd: module loaded
Aug  1 09:00:12 kernel: loop: module loaded
Aug  1 09:00:12 kernel: pflash: found no supported devices
Aug  1 09:00:12 kernel: bcmsflash: found no supported devices
Aug  1 09:00:12 kernel: Boot partition size = 524288(0x80000)
Aug  1 09:00:12 kernel: lookup_nflash_rootfs_offset: offset = 0x200000
Aug  1 09:00:12 kernel: nflash: squash filesystem with lzma found at block 28
Aug  1 09:00:12 kernel: Creating 4 MTD partitions on "nflash":
Aug  1 09:00:12 kernel: 0x000000000000-0x000000080000 : "boot"
Aug  1 09:00:12 kernel: 0x000000080000-0x000000200000 : "nvram"
Aug  1 09:00:12 kernel: 0x000000200000-0x000002000000 : "linux"
Aug  1 09:00:12 kernel: 0x00000039d3a4-0x000002000000 : "rootfs"
Aug  1 09:00:12 kernel: PPP generic driver version 2.4.2
Aug  1 09:00:12 kernel: PPP MPPE Compression module registered
Aug  1 09:00:12 kernel: NET: Registered protocol family 24
Aug  1 09:00:12 kernel: PPTP driver version 0.8.5
Aug  1 09:00:12 kernel: Mirror/redirect action on
Aug  1 09:00:12 kernel: u32 classifier
Aug  1 09:00:12 kernel:     Actions configured
Aug  1 09:00:12 kernel: Netfilter messages via NETLINK v0.30.
Aug  1 09:00:12 kernel: nf_conntrack version 0.5.0 (3992 buckets, 15968 max)
Aug  1 09:00:12 kernel: xt_time: kernel timezone is -0000
Aug  1 09:00:12 kernel: ip_tables: (C) 2000-2006 Netfilter Core Team
Aug  1 09:00:12 kernel: TCP cubic registered
Aug  1 09:00:12 kernel: NET: Registered protocol family 10
Aug  1 09:00:12 kernel: ip6_tables: (C) 2000-2006 Netfilter Core Team
Aug  1 09:00:12 kernel: NET: Registered protocol family 17
Aug  1 09:00:12 kernel: L2TP core driver, V2.0
Aug  1 09:00:12 kernel: PPPoL2TP kernel driver, V2.0
Aug  1 09:00:12 kernel: 802.1Q VLAN Support v1.8 Ben Greear <greearb@candelatech.com>
Aug  1 09:00:12 kernel: All bugs added by David S. Miller <davem@redhat.com>
Aug  1 09:00:12 kernel: Registering the dns_resolver key type
Aug  1 09:00:12 kernel: Northstar brcmnand NAND Flash Controller driver, Version 0.1 (c) Broadcom Inc. 2012
Aug  1 09:00:12 kernel: NAND device: Manufacturer ID: 0xc2, Chip ID: 0xf1 (Unknown NAND 128MiB 3,3V 8-bit)
Aug  1 09:00:12 kernel: Spare area=64 eccbytes 56, ecc bytes located at:
Aug  1 09:00:12 kernel:  2 3 4 5 6 7 8 9 10 11 12 13 14 15 18 19 20 21 22 23 24 25 26 27 28 29 30 31 34 35 36 37 38 39 40 41 42 43 44 45 46 47 50 51 52 53 54 55 56 57 58 59 60 61 62 63
Aug  1 09:00:12 kernel: Available 7 bytes at (off,len):
Aug  1 09:00:12 kernel: (1,1) (16,2) (32,2) (48,2) (0,0) (0,0) (0,0) (0,0) 
Aug  1 09:00:12 kernel: Scanning device for bad blocks
Aug  1 09:00:12 kernel: Bad eraseblock 288 at 0x000002400000
Aug  1 09:00:12 kernel: Options: NO_AUTOINCR,NO_READRDY,
Aug  1 09:00:12 kernel: Creating 2 MTD partitions on "brcmnand":
Aug  1 09:00:12 kernel: 0x000002600000-0x000007ec0000 : "brcmnand"
Aug  1 09:00:12 kernel: 0x000007ec0000-0x000008000000 : "asus"
Aug  1 09:00:12 kernel: VFS: Mounted root (squashfs filesystem) readonly on device 31:3.
Aug  1 09:00:12 kernel: devtmpfs: mounted
Aug  1 09:00:12 kernel: Freeing init memory: 212K
Aug  1 09:00:12 kernel: ctf: module license 'Proprietary' taints kernel.
Aug  1 09:00:12 kernel: Disabling lock debugging due to kernel taint
Aug  1 09:00:12 kernel: et_module_init: passivemode set to 0x0
Aug  1 09:00:12 kernel: et_module_init: txworkq set to 0x0
Aug  1 09:00:12 kernel: et_module_init: et_txq_thresh set to 0xce4
Aug  1 09:00:12 kernel: aux0: Broadcom BCM47XX 10/100/1000 Mbps Ethernet Controller 6.37.14.126 (r561982)
Aug  1 09:00:12 kernel: eth0: Broadcom BCM47XX 10/100/1000 Mbps Ethernet Controller 6.37.14.126 (r561982)
Aug  1 09:00:12 kernel: wl_module_init: passivemode set to 0x0
Aug  1 09:00:12 kernel: wl_module_init: igs set to 0x0
Aug  1 09:00:12 kernel: wl_module_init: txworkq set to 0x0
Aug  1 09:00:12 kernel: eth1: Broadcom BCM4360 802.11 Wireless Controller 6.37.14.126 (r561982)
Aug  1 09:00:12 kernel: eth2: Broadcom BCM4360 802.11 Wireless Controller 6.37.14.126 (r561982)
Aug  1 09:00:12 kernel: JFFS2 version 2.2. (NAND) Â© 2001-2006 Red Hat, Inc.
Aug  1 09:00:13 kernel: device vlan1 entered promiscuous mode
Aug  1 09:00:13 kernel: device eth0 entered promiscuous mode
Aug  1 09:00:13 kernel: device eth1 entered promiscuous mode
Aug  1 09:00:13 kernel: device eth2 entered promiscuous mode
Aug  1 09:00:13 kernel: br0: topology change detected, propagating
Aug  1 09:00:13 kernel: br0: port 3(eth2) entering forwarding state
Aug  1 09:00:13 kernel: br0: port 3(eth2) entering forwarding state
Aug  1 09:00:13 kernel: br0: topology change detected, propagating
Aug  1 09:00:13 kernel: br0: port 2(eth1) entering forwarding state
Aug  1 09:00:13 kernel: br0: port 2(eth1) entering forwarding state
Aug  1 09:00:13 kernel: br0: topology change detected, propagating
Aug  1 09:00:13 kernel: br0: port 1(vlan1) entering forwarding state
Aug  1 09:00:13 kernel: br0: port 1(vlan1) entering forwarding state
Aug  1 09:00:14 WAN_Connection: ISP's DHCP did not function properly.
Aug  1 09:00:14 dropbear[463]: Running in background
Aug  1 09:00:18 dnsmasq[476]: started, version 2.76 cachesize 1500
Aug  1 09:00:18 dnsmasq[476]: asynchronous logging enabled, queue limit is 5 messages
Aug  1 09:00:18 dnsmasq-dhcp[476]: DHCP, IP range 192.168.0.2 -- 192.168.0.254, lease time 1d
Aug  1 09:00:18 dnsmasq[476]: read /etc/hosts - 5 addresses
Aug  1 09:00:18 dnsmasq[476]: read /etc/hosts.dnsmasq - 20 addresses
Aug  1 09:00:18 dnsmasq-dhcp[476]: read /etc/ethers - 21 addresses
Aug  1 09:00:18 R7000: start httpd - SSL
Aug  1 09:00:18 R7000: start httpd
Aug  1 09:00:18 crond[485]: crond (busybox 1.25.1) started, log level 8
Aug  1 09:00:18 snooper[492]: started on vlan1@br0
Aug  1 09:00:18 syslog: Generating SSL certificate...
Aug  1 09:00:18 pptpd[513]: MGR: Config file not found!
Aug  1 09:00:18 pptpd[513]: MGR: Maximum of 100 connections reduced to 10, not enough IP addresses given
Aug  1 09:00:18 pptpd[513]: accel-pptpd-0.8.5 compiled for pppd-2.4.5, linux-2.6.36.4
Aug  1 09:00:18 pptpd[517]: MGR: Manager process started
Aug  1 09:00:18 pptpd[517]: MGR: Maximum of 10 connections available
Aug  1 09:00:18 bcrelay[520]: Running as child
Aug  1 09:00:18 hour_monitor: daemon is starting
Aug  1 09:00:18 hour_monitor: daemon terminates
Aug  1 09:00:18 jffs2: valid logs(1)
Aug  1 09:00:18 disk_monitor: be idle
Aug  1 09:00:19 wan: mac clone: [wan0_hwaddr] == [b4:2e:99:07:76:fa]
Aug  1 09:00:19 dnsmasq[476]: read /etc/hosts - 5 addresses
Aug  1 09:00:19 dnsmasq[476]: read /etc/hosts.dnsmasq - 20 addresses
Aug  1 09:00:19 dnsmasq-dhcp[476]: read /etc/ethers - 21 addresses
Aug  1 09:00:19 rc_service: udhcpc 573:notify_rc start_firewall
Aug  1 09:00:19 dnsmasq[476]: read /etc/hosts - 5 addresses
Aug  1 09:00:19 dnsmasq[476]: read /etc/hosts.dnsmasq - 20 addresses
Aug  1 09:00:19 dnsmasq-dhcp[476]: read /etc/ethers - 21 addresses
Aug  1 09:00:19 dnsmasq[476]: using nameserver 168.126.63.2#53 for domain kornet 
Aug  1 09:00:19 dnsmasq[476]: using nameserver 168.126.63.1#53 for domain kornet 
Aug  1 09:00:19 dnsmasq[476]: using nameserver 168.126.63.1#53
Aug  1 09:00:19 dnsmasq[476]: using nameserver 168.126.63.2#53
Aug  1 09:00:20 rc_service: udhcpc 573:notify_rc stop_upnp
Aug  1 09:00:20 rc_service: waitting "start_firewall" via udhcpc ...
Aug  1 09:00:21 kernel: usbcore: registered new interface driver usbfs
Aug  1 09:00:21 kernel: usbcore: registered new interface driver hub
Aug  1 09:00:21 kernel: usbcore: registered new device driver usb
Aug  1 09:00:21 syslog: module ledtrig-usbdev not found in modules.dep
Aug  1 09:00:21 syslog: module leds-usb not found in modules.dep
Aug  1 09:00:21 kernel: SCSI subsystem initialized
Aug  1 09:00:21 dnsmasq-dhcp[476]: DHCPREQUEST(br0) 192.168.0.203 00:1e:06:30:cc:5b 
Aug  1 09:00:21 dnsmasq-dhcp[476]: DHCPACK(br0) 192.168.0.203 00:1e:06:30:cc:5b odroid-HC2
Aug  1 09:00:21 kernel: csw_retry 100
Aug  1 09:00:21 kernel: Initializing USB Mass Storage driver...
Aug  1 09:00:21 kernel: usbcore: registered new interface driver usb-storage
Aug  1 09:00:21 kernel: USB Mass Storage support registered.
Aug  1 09:00:22 kernel: Tuxera FAT 12/16/32 driver version 3015.1.29.5_1 [Flags: R/W MODULE].
Aug  1 09:00:22 kernel: Built against headers 2.6.36.4brcmarm #1 SMP PREEMPT Wed Dec 2 11:17:39 CST 2015 arm
Aug  1 09:00:22 kernel: Running on kernel 2.6.36.4brcmarm #1 SMP PREEMPT Sun Jul 16 21:53:39 MSK 2017 armv7l
Aug  1 09:00:22 dnsmasq-dhcp[476]: DHCPDISCOVER(br0) 18:c0:4d:11:2c:dc 
Aug  1 09:00:22 dnsmasq-dhcp[476]: DHCPOFFER(br0) 192.168.0.204 18:c0:4d:11:2c:dc 
Aug  1 09:00:22 dnsmasq-dhcp[476]: DHCPREQUEST(br0) 192.168.0.204 18:c0:4d:11:2c:dc 
Aug  1 09:00:22 dnsmasq-dhcp[476]: DHCPACK(br0) 192.168.0.204 18:c0:4d:11:2c:dc GIGABYTE-J4105
Aug  1 09:00:22 kernel: Tuxera NTFS driver 3015.1.29.8_1 [Flags: R/W MODULE].
Aug  1 09:00:22 kernel: Tuxera HFS+ driver 3014.7.28
Aug  1 09:00:22 kernel: ehci_hcd: USB 2.0 'Enhanced' Host Controller (EHCI) Driver
Aug  1 09:00:22 kernel: ehci_hcd 0000:00:0b.1: EHCI Host Controller
Aug  1 09:00:22 kernel: ehci_hcd 0000:00:0b.1: new USB bus registered, assigned bus number 1
Aug  1 09:00:22 kernel: ehci_hcd 0000:00:0b.1: irq 111, io mem 0x18021000
Aug  1 09:00:22 kernel: ehci_hcd 0000:00:0b.1: USB 0.0 started, EHCI 1.00
Aug  1 09:00:22 kernel: hub 1-0:1.0: USB hub found
Aug  1 09:00:22 kernel: hub 1-0:1.0: 2 ports detected
Aug  1 09:00:22 kernel: ohci_hcd: USB 1.1 'Open' Host Controller (OHCI) Driver
Aug  1 09:00:22 kernel: ohci_hcd 0000:00:0b.0: OHCI Host Controller
Aug  1 09:00:22 kernel: ohci_hcd 0000:00:0b.0: new USB bus registered, assigned bus number 2
Aug  1 09:00:22 kernel: ohci_hcd 0000:00:0b.0: irq 111, io mem 0x18022000
Aug  1 09:00:22 kernel: hub 2-0:1.0: USB hub found
Aug  1 09:00:22 kernel: hub 2-0:1.0: 2 ports detected
Aug  1 09:00:22 kernel: usbcore: registered new interface driver usblp
Aug  1 09:00:23 kernel: usbcore: registered new interface driver asix
Aug  1 09:00:23 kernel: usbcore: registered new interface driver cdc_ether
Aug  1 09:00:23 kernel: usbcore: registered new interface driver rndis_host
Aug  1 09:00:23 kernel: cdc_ncm: 14-Mar-2012
Aug  1 09:00:23 kernel: usbcore: registered new interface driver cdc_ncm
Aug  1 09:00:23 kernel: usbcore: registered new interface driver cdc_wdm
Aug  1 09:00:23 kernel: usbcore: registered new interface driver qmi_wwan
Aug  1 09:00:23 kernel: cdc_mbim: loaded
Aug  1 09:00:23 kernel: usbcore: registered new interface driver cdc_mbim
Aug  1 09:00:23 start_nat_rules: apply the nat_rules(/tmp/nat_rules_vlan2_vlan2)!
Aug  1 09:00:24 WAN_Connection: WAN was restored.
Aug  1 09:00:25 kernel: nf_conntrack_rtsp v0.6.21 loading
Aug  1 09:00:25 kernel: nf_nat_rtsp v0.6.21 loading
Aug  1 09:00:26 rc_service: udhcpc 573:notify_rc start_upnp
Aug  1 09:00:26 rc_service: waitting "stop_upnp" via udhcpc ...
Aug  1 09:00:27 rc_service: udhcpc 573:notify_rc start_vpnserver1
Aug  1 09:00:27 miniupnpd[829]: HTTP listening on port 54317
Aug  1 09:00:27 miniupnpd[829]: Listening for NAT-PMP/PCP traffic on port 5351
Aug  1 09:00:28 openvpn-routing: Refreshing policy rules for client 1
Aug  1 09:00:28 ntp: start NTP update
Aug  1 09:00:28 openvpn-routing: Allow WAN access to all VPN clients
Aug  1 09:00:28 openvpn-routing: Refreshing policy rules for client 2
Aug  1 09:00:28 openvpn-routing: Allow WAN access to all VPN clients
Nov 19 22:42:21 openvpn-routing: Refreshing policy rules for client 3
Nov 19 22:42:21 openvpn-routing: Allow WAN access to all VPN clients
Nov 19 22:42:21 rc_service: ntp 827:notify_rc restart_upnp
Nov 19 22:42:21 rc_service: waitting "start_vpnserver1" via udhcpc ...
Nov 19 22:42:21 openvpn-routing: Refreshing policy rules for client 4
Nov 19 22:42:21 openvpn-routing: Allow WAN access to all VPN clients
Nov 19 22:42:21 openvpn-routing: Refreshing policy rules for client 5
Nov 19 22:42:21 openvpn-routing: Allow WAN access to all VPN clients
Nov 19 22:42:21 custom_script: Running /jffs/scripts/ddns-start (args: 59.12.183.26)
Nov 19 22:42:21 utylee: DDNS Request URL: https://www.duckdns.org/update?domains=utylee&token=5882867e-afb1-4242-82cd-ed3b3baa0eea&ip=59.12.183.26&ipv6=
Nov 19 22:42:22 kernel: tun: Universal TUN/TAP device driver, 1.6
Nov 19 22:42:22 kernel: tun: (C) 1999-2004 Max Krasnyansky <maxk@qualcomm.com>
Nov 19 22:42:23 kernel: ADDRCONF(NETDEV_UP): tun21: link is not ready
Nov 19 22:42:23 kernel: device tun21 entered promiscuous mode
Nov 19 22:42:23 utylee: DDNS Request result: OK
Nov 19 22:42:23 dnsmasq-dhcp[476]: DHCPREQUEST(br0) 192.168.0.107 a8:66:7f:14:a1:44 
Nov 19 22:42:23 dnsmasq-dhcp[476]: DHCPACK(br0) 192.168.0.107 a8:66:7f:14:a1:44 utylee-MacBook
Nov 19 22:42:23 ddns: Completed custom ddns update
Nov 19 22:42:23 rc_service: udhcpc 573:notify_rc stop_pptpd
Nov 19 22:42:23 rc_service: waitting "start_vpnserver1" via udhcpc ...
Nov 19 22:42:23 dnsmasq-dhcp[476]: DHCPREQUEST(br0) 192.168.0.83 1e:88:ff:78:d3:02 
Nov 19 22:42:23 dnsmasq-dhcp[476]: DHCPACK(br0) 192.168.0.83 1e:88:ff:78:d3:02 iPhone
Nov 19 22:42:24 openvpn[988]: OpenVPN 2.4.3 arm-unknown-linux-gnu [SSL (OpenSSL)] [LZO] [LZ4] [EPOLL] [MH/PKTINFO] [AEAD] built on Jul 16 2017
Nov 19 22:42:24 openvpn[988]: library versions: OpenSSL 1.0.2l  25 May 2017, LZO 2.08
Nov 19 22:42:24 openvpn[989]: PLUGIN_INIT: POST /usr/lib/openvpn-plugin-auth-pam.so '[/usr/lib/openvpn-plugin-auth-pam.so] [openvpn]' intercepted=PLUGIN_AUTH_USER_PASS_VERIFY 
Nov 19 22:42:24 openvpn[989]: Diffie-Hellman initialized with 2048 bit key
Nov 19 22:42:24 openvpn[989]: TUN/TAP device tun21 opened
Nov 19 22:42:24 openvpn[989]: TUN/TAP TX queue length set to 100
Nov 19 22:42:24 openvpn[989]: do_ifconfig, tt->did_ifconfig_ipv6_setup=0
Nov 19 22:42:24 openvpn[989]: /usr/sbin/ip link set dev tun21 up mtu 1500
Nov 19 22:42:24 openvpn[989]: /usr/sbin/ip addr add dev tun21 10.8.0.1/24 broadcast 10.8.0.255
Nov 19 22:42:24 kernel: ADDRCONF(NETDEV_CHANGE): tun21: link becomes ready
Nov 19 22:42:24 miniupnpd[829]: shutting down MiniUPnPd
Nov 19 22:42:24 rc_service: udhcpc 573:notify_rc start_pptpd
Nov 19 22:42:24 rc_service: waitting "stop_pptpd" via udhcpc ...
Nov 19 22:42:24 openvpn[989]: Could not determine IPv4/IPv6 protocol. Using AF_INET6
Nov 19 22:42:24 miniupnpd[994]: HTTP listening on port 34915
Nov 19 22:42:24 miniupnpd[994]: Listening for NAT-PMP/PCP traffic on port 5351
Nov 19 22:42:24 openvpn[989]: Socket Buffers: R=[122880->122880] S=[122880->122880]
Nov 19 22:42:24 openvpn[989]: setsockopt(IPV6_V6ONLY=0)
Nov 19 22:42:24 openvpn[989]: UDPv6 link local (bound): [AF_INET6][undef]:11194
Nov 19 22:42:24 openvpn[989]: UDPv6 link remote: [AF_UNSPEC]
Nov 19 22:42:24 openvpn[989]: MULTI: multi_init called, r=256 v=256
Nov 19 22:42:24 openvpn[989]: IFCONFIG POOL: base=10.8.0.2 size=252, ipv6=0
Nov 19 22:42:24 openvpn[989]: Initialization Sequence Completed
Nov 19 22:42:25 rc_service: ntp 827:notify_rc restart_diskmon
Nov 19 22:42:25 disk_monitor: Finish
Nov 19 22:42:26 disk_monitor: be idle
Nov 19 22:42:26 dhcp_client: bound 59.12.183.26 via 59.12.183.1 during 3600 seconds.
Nov 19 22:42:26 pptpd[997]: MGR: Config file not found!
Nov 19 22:42:26 pptpd[997]: MGR: Maximum of 100 connections reduced to 10, not enough IP addresses given
Nov 19 22:42:26 pptpd[997]: accel-pptpd-0.8.5 compiled for pppd-2.4.5, linux-2.6.36.4
Nov 19 22:42:26 pptpd[1000]: MGR: Manager process started
Nov 19 22:42:26 pptpd[1000]: MGR: Maximum of 10 connections available
Nov 19 22:42:26 miniupnpd[994]: shutting down MiniUPnPd
Nov 19 22:42:26 start_nat_rules: apply the nat_rules(/tmp/nat_rules_vlan2_vlan2)!
Nov 19 22:42:26 bcrelay[1001]: Running as child
Nov 19 22:42:27 miniupnpd[1025]: HTTP listening on port 56386
Nov 19 22:42:27 miniupnpd[1025]: Listening for NAT-PMP/PCP traffic on port 5351
Nov 19 22:42:42 dnsmasq-dhcp[476]: DHCPREQUEST(br0) 192.168.0.59 e0:b9:ba:bf:91:48 
Nov 19 22:42:42 dnsmasq-dhcp[476]: DHCPACK(br0) 192.168.0.59 e0:b9:ba:bf:91:48 TaeyooneeuiiPad
Nov 19 22:42:44 dnsmasq-dhcp[476]: DHCPREQUEST(br0) 192.168.0.247 8a:fd:d8:79:4e:17 
Nov 19 22:42:44 dnsmasq-dhcp[476]: DHCPACK(br0) 192.168.0.247 8a:fd:d8:79:4e:17 iPhone
Nov 19 22:42:52 crond[485]: time disparity of 3315702 minutes detected
Nov 19 22:43:38 dnsmasq-dhcp[476]: DHCPREQUEST(br0) 192.168.0.61 08:ae:d6:00:29:a9 
Nov 19 22:43:38 dnsmasq-dhcp[476]: DHCPACK(br0) 192.168.0.61 08:ae:d6:00:29:a9 Galaxy-S9
Nov 19 22:43:45 dnsmasq-dhcp[476]: DHCPREQUEST(br0) 192.168.0.148 e4:e0:c5:0e:66:a2 
Nov 19 22:43:45 dnsmasq-dhcp[476]: DHCPACK(br0) 192.168.0.148 e4:e0:c5:0e:66:a2 
Nov 19 22:56:23 dnsmasq-dhcp[476]: DHCPREQUEST(br0) 192.168.0.202 00:1e:06:30:c7:3e 
Nov 19 22:56:23 dnsmasq-dhcp[476]: DHCPACK(br0) 192.168.0.202 00:1e:06:30:c7:3e odroid-HC1
Nov 19 22:58:10 dnsmasq-dhcp[476]: DHCPREQUEST(br0) 192.168.0.203 00:1e:06:30:cc:5b 
Nov 19 22:58:10 dnsmasq-dhcp[476]: DHCPACK(br0) 192.168.0.203 00:1e:06:30:cc:5b odroid-HC2
Nov 19 22:59:06 pptpd[1234]: CTRL: Client 192.241.213.50 control connection started
Nov 19 22:59:07 pptpd[1234]: CTRL: EOF or bad error reading ctrl packet length.
Nov 19 22:59:07 pptpd[1234]: CTRL: couldn't read packet header (exit)
Nov 19 22:59:07 pptpd[1234]: CTRL: CTRL read failed
Nov 19 22:59:07 pptpd[1234]: CTRL: Client 192.241.213.50 control connection finished
Nov 19 23:00:26 disk_monitor: Got SIGALRM...
Nov 19 23:00:46 dnsmasq-dhcp[476]: DHCPREQUEST(br0) 192.168.0.203 00:1e:06:30:cc:5b 
Nov 19 23:00:46 dnsmasq-dhcp[476]: DHCPACK(br0) 192.168.0.203 00:1e:06:30:cc:5b odroid-HC2
Nov 19 23:40:49 kernel: nvram: consolidating space!
Nov 19 23:53:08 dnsmasq-dhcp[476]: DHCPREQUEST(br0) 192.168.0.83 1e:88:ff:78:d3:02 
Nov 19 23:53:08 dnsmasq-dhcp[476]: DHCPACK(br0) 192.168.0.83 1e:88:ff:78:d3:02 iPhone
Nov 20 00:39:45 pptpd[2483]: CTRL: Client 92.118.161.5 control connection started
Nov 20 00:39:45 pptpd[2483]: CTRL: EOF or bad error reading ctrl packet length.
Nov 20 00:39:45 pptpd[2483]: CTRL: couldn't read packet header (exit)
Nov 20 00:39:45 pptpd[2483]: CTRL: CTRL read failed
Nov 20 00:39:45 pptpd[2483]: CTRL: Client 92.118.161.5 control connection finished
Nov 20 00:54:39 kernel: nvram: consolidating space!
Nov 20 02:08:26 kernel: nvram: consolidating space!
Nov 20 02:23:46 dnsmasq-dhcp[476]: DHCPREQUEST(br0) 192.168.0.203 00:1e:06:30:cc:5b 
Nov 20 02:23:46 dnsmasq-dhcp[476]: DHCPACK(br0) 192.168.0.203 00:1e:06:30:cc:5b odroid-HC2
Nov 20 02:38:09 kernel: nvram: consolidating space!
Nov 20 02:41:43 dnsmasq-dhcp[476]: DHCPREQUEST(br0) 192.168.0.203 00:1e:06:30:cc:5b 
Nov 20 02:41:43 dnsmasq-dhcp[476]: DHCPACK(br0) 192.168.0.203 00:1e:06:30:cc:5b odroid-HC2
Nov 20 02:50:27 dnsmasq-dhcp[476]: DHCPREQUEST(br0) 192.168.0.203 00:1e:06:30:cc:5b 
Nov 20 02:50:27 dnsmasq-dhcp[476]: DHCPACK(br0) 192.168.0.203 00:1e:06:30:cc:5b odroid-HC2
Nov 20 02:52:59 dnsmasq-dhcp[476]: DHCPREQUEST(br0) 192.168.0.202 00:1e:06:30:c7:3e 
Nov 20 02:52:59 dnsmasq-dhcp[476]: DHCPACK(br0) 192.168.0.202 00:1e:06:30:c7:3e odroid-HC1
Nov 20 02:59:41 dnsmasq-dhcp[476]: DHCPREQUEST(br0) 192.168.0.203 00:1e:06:30:cc:5b 
Nov 20 02:59:41 dnsmasq-dhcp[476]: DHCPACK(br0) 192.168.0.203 00:1e:06:30:cc:5b odroid-HC2
Nov 20 03:05:13 kernel: nvram: consolidating space!
Nov 20 03:06:43 dnsmasq-dhcp[476]: DHCPREQUEST(br0) 192.168.0.203 00:1e:06:30:cc:5b 
Nov 20 03:06:43 dnsmasq-dhcp[476]: DHCPACK(br0) 192.168.0.203 00:1e:06:30:cc:5b odroid-HC2
Nov 20 03:08:32 dnsmasq-dhcp[476]: DHCPREQUEST(br0) 192.168.0.203 00:1e:06:30:cc:5b 
Nov 20 03:08:32 dnsmasq-dhcp[476]: DHCPACK(br0) 192.168.0.203 00:1e:06:30:cc:5b odroid-HC2
Nov 20 03:18:48 dnsmasq-dhcp[476]: DHCPDISCOVER(br0) 00:1e:06:30:cc:5b 
Nov 20 03:18:48 dnsmasq-dhcp[476]: DHCPOFFER(br0) 192.168.0.203 00:1e:06:30:cc:5b 
Nov 20 03:18:48 dnsmasq-dhcp[476]: DHCPREQUEST(br0) 192.168.0.203 00:1e:06:30:cc:5b 
Nov 20 03:18:48 dnsmasq-dhcp[476]: DHCPACK(br0) 192.168.0.203 00:1e:06:30:cc:5b odroid-HC2
Nov 20 03:19:25 dnsmasq-dhcp[476]: DHCPREQUEST(br0) 192.168.0.203 00:1e:06:30:cc:5c 
Nov 20 03:19:25 dnsmasq-dhcp[476]: DHCPNAK(br0) 192.168.0.203 00:1e:06:30:cc:5c address reserved
Nov 20 03:19:28 dnsmasq-dhcp[476]: DHCPDISCOVER(br0) 192.168.0.203 00:1e:06:30:cc:5c 
Nov 20 03:19:28 dnsmasq-dhcp[476]: DHCPOFFER(br0) 192.168.0.92 00:1e:06:30:cc:5c 
Nov 20 03:19:28 dnsmasq-dhcp[476]: DHCPREQUEST(br0) 192.168.0.92 00:1e:06:30:cc:5c 
Nov 20 03:19:28 dnsmasq-dhcp[476]: DHCPACK(br0) 192.168.0.92 00:1e:06:30:cc:5c odroid2
Nov 20 03:19:28 dnsmasq-dhcp[476]: DHCPREQUEST(br0) 192.168.0.92 00:1e:06:30:cc:5c 
Nov 20 03:19:28 dnsmasq-dhcp[476]: DHCPACK(br0) 192.168.0.92 00:1e:06:30:cc:5c odroid2
Nov 20 03:25:55 kernel: nvram: consolidating space!
Nov 20 05:08:14 dnsmasq-dhcp[476]: DHCPDISCOVER(br0) e4:e0:c5:0e:66:a2 
Nov 20 05:08:14 dnsmasq-dhcp[476]: DHCPOFFER(br0) 192.168.0.148 e4:e0:c5:0e:66:a2 
Nov 20 05:08:14 dnsmasq-dhcp[476]: DHCPREQUEST(br0) 192.168.0.148 e4:e0:c5:0e:66:a2 
Nov 20 05:08:14 dnsmasq-dhcp[476]: DHCPACK(br0) 192.168.0.148 e4:e0:c5:0e:66:a2 
Nov 20 06:33:02 dnsmasq-dhcp[476]: DHCPDISCOVER(br0) e4:7c:f9:55:42:50 
Nov 20 06:33:02 dnsmasq-dhcp[476]: DHCPOFFER(br0) 192.168.0.150 e4:7c:f9:55:42:50 
Nov 20 06:33:02 dnsmasq-dhcp[476]: DHCPREQUEST(br0) 192.168.0.150 e4:7c:f9:55:42:50 
Nov 20 06:33:02 dnsmasq-dhcp[476]: DHCPACK(br0) 192.168.0.150 e4:7c:f9:55:42:50 
Nov 20 07:01:11 dnsmasq-dhcp[476]: DHCPDISCOVER(br0) e4:e0:c5:0e:66:a2 
Nov 20 07:01:11 dnsmasq-dhcp[476]: DHCPOFFER(br0) 192.168.0.148 e4:e0:c5:0e:66:a2 
Nov 20 07:01:11 dnsmasq-dhcp[476]: DHCPREQUEST(br0) 192.168.0.148 e4:e0:c5:0e:66:a2 
Nov 20 07:01:11 dnsmasq-dhcp[476]: DHCPACK(br0) 192.168.0.148 e4:e0:c5:0e:66:a2 
Nov 20 07:24:25 dnsmasq-dhcp[476]: DHCPDISCOVER(br0) e4:7c:f9:55:42:50 
Nov 20 07:24:25 dnsmasq-dhcp[476]: DHCPOFFER(br0) 192.168.0.150 e4:7c:f9:55:42:50 
Nov 20 07:24:25 dnsmasq-dhcp[476]: DHCPREQUEST(br0) 192.168.0.150 e4:7c:f9:55:42:50 
Nov 20 07:24:25 dnsmasq-dhcp[476]: DHCPACK(br0) 192.168.0.150 e4:7c:f9:55:42:50 
Nov 20 07:31:22 dnsmasq-dhcp[476]: DHCPREQUEST(br0) 192.168.0.83 1e:88:ff:78:d3:02 
Nov 20 07:31:22 dnsmasq-dhcp[476]: DHCPACK(br0) 192.168.0.83 1e:88:ff:78:d3:02 iPhone
Nov 20 07:53:16 dnsmasq-dhcp[476]: DHCPDISCOVER(br0) e4:e0:c5:0e:66:a2 
Nov 20 07:53:16 dnsmasq-dhcp[476]: DHCPOFFER(br0) 192.168.0.148 e4:e0:c5:0e:66:a2 
Nov 20 07:53:16 dnsmasq-dhcp[476]: DHCPREQUEST(br0) 192.168.0.148 e4:e0:c5:0e:66:a2 
Nov 20 07:53:16 dnsmasq-dhcp[476]: DHCPACK(br0) 192.168.0.148 e4:e0:c5:0e:66:a2 
Nov 20 09:40:35 dnsmasq-dhcp[476]: DHCPDISCOVER(br0) e4:e0:c5:0e:66:a2 
Nov 20 09:40:35 dnsmasq-dhcp[476]: DHCPOFFER(br0) 192.168.0.148 e4:e0:c5:0e:66:a2 
Nov 20 09:40:35 dnsmasq-dhcp[476]: DHCPREQUEST(br0) 192.168.0.148 e4:e0:c5:0e:66:a2 
Nov 20 09:40:35 dnsmasq-dhcp[476]: DHCPACK(br0) 192.168.0.148 e4:e0:c5:0e:66:a2 
Nov 20 10:42:13 dnsmasq-dhcp[476]: DHCPREQUEST(br0) 192.168.0.204 18:c0:4d:11:2c:dc 
Nov 20 10:42:13 dnsmasq-dhcp[476]: DHCPACK(br0) 192.168.0.204 18:c0:4d:11:2c:dc GIGABYTE-J4105
Nov 20 10:42:20 dnsmasq-dhcp[476]: DHCPREQUEST(br0) 192.168.0.107 a8:66:7f:14:a1:44 
Nov 20 10:42:20 dnsmasq-dhcp[476]: DHCPACK(br0) 192.168.0.107 a8:66:7f:14:a1:44 utylee-MacBook
Nov 20 10:42:22 ntp: start NTP update
Nov 20 10:42:41 dnsmasq-dhcp[476]: DHCPREQUEST(br0) 192.168.0.59 e0:b9:ba:bf:91:48 
Nov 20 10:42:41 dnsmasq-dhcp[476]: DHCPACK(br0) 192.168.0.59 e0:b9:ba:bf:91:48 TaeyooneeuiiPad
Nov 20 10:45:10 dnsmasq-dhcp[476]: DHCPREQUEST(br0) 192.168.0.247 8a:fd:d8:79:4e:17 
Nov 20 10:45:10 dnsmasq-dhcp[476]: DHCPACK(br0) 192.168.0.247 8a:fd:d8:79:4e:17 iPhone
Nov 20 12:04:32 pptpd[11041]: CTRL: Client 78.128.113.66 control connection started
Nov 20 12:04:32 pptpd[11041]: CTRL: Starting call (launching pppd, opening GRE)
Nov 20 12:04:33 pptp[11042]: Plugin pptp.so loaded.
Nov 20 12:04:33 pptp[11042]: PPTP plugin version 0.8.5 compiled for pppd-2.4.7, linux-2.6.36.4
Nov 20 12:04:33 pptp[11042]: pppd 2.4.7 started by utylee, uid 0
Nov 20 12:04:33 pptp[11042]: Using interface ppp10
Nov 20 12:04:33 pptp[11042]: Connect: ppp10 <--> pptp (78.128.113.66)
Nov 20 12:04:35 pptp[11042]: appear to have received our own echo-reply!
Nov 20 12:04:35 pptp[11042]: No CHAP secret found for authenticating aaa
Nov 20 12:04:35 pptp[11042]: Peer aaa failed CHAP authentication
Nov 20 12:04:35 pptpd[11041]: CTRL: EOF or bad error reading ctrl packet length.
Nov 20 12:04:35 pptpd[11041]: CTRL: couldn't read packet header (exit)
Nov 20 12:04:35 pptpd[11041]: CTRL: CTRL read failed
Nov 20 12:04:35 pptpd[11041]: CTRL: Client pppd TERM sending
Nov 20 12:04:35 pptpd[11041]: CTRL: Client pppd finish wait
Nov 20 12:04:35 pptp[11042]: Terminating on signal 15
Nov 20 12:04:41 pptp[11042]: Connection terminated.
Nov 20 12:04:41 pptp[11042]: Modem hangup
Nov 20 12:04:41 pptp[11042]: Exit.
Nov 20 12:04:41 pptpd[11041]: CTRL: Client 78.128.113.66 control connection finished
Nov 20 12:04:41 kernel: Interface ppp10 doesn't exist
Nov 20 12:04:41 kernel: Interface ppp10 doesn't exist
Nov 20 12:14:05 dnsmasq-dhcp[476]: DHCPREQUEST(br0) 192.168.0.102 b4:2e:99:07:76:fa 
Nov 20 12:14:05 dnsmasq-dhcp[476]: DHCPACK(br0) 192.168.0.102 b4:2e:99:07:76:fa DESKTOP-EF2VV4U
Nov 20 12:14:23 miniupnpd[1025]: upnp_event_send: send(): Connection reset by peer
Nov 20 12:27:47 dnsmasq-dhcp[476]: DHCPREQUEST(br0) 192.168.0.92 00:1e:06:30:cc:5c 
Nov 20 12:27:47 dnsmasq-dhcp[476]: DHCPACK(br0) 192.168.0.92 00:1e:06:30:cc:5c odroid2
Nov 20 12:27:47 dnsmasq-dhcp[476]: DHCPREQUEST(br0) 192.168.0.92 00:1e:06:30:cc:5c 
Nov 20 12:27:47 dnsmasq-dhcp[476]: DHCPACK(br0) 192.168.0.92 00:1e:06:30:cc:5c odroid2
Nov 20 13:19:14 pptpd[11987]: CTRL: Client 167.94.138.59 control connection started
Nov 20 13:19:14 pptpd[11987]: CTRL: EOF or bad error reading ctrl packet length.
Nov 20 13:19:14 pptpd[11987]: CTRL: couldn't read packet header (exit)
Nov 20 13:19:14 pptpd[11987]: CTRL: CTRL read failed
Nov 20 13:19:14 pptpd[11987]: CTRL: Client 167.94.138.59 control connection finished
Nov 20 13:29:28 pptpd[12115]: CTRL: Client 162.142.125.196 control connection started
Nov 20 13:29:28 pptpd[12115]: CTRL: EOF or bad error reading ctrl packet length.
Nov 20 13:29:28 pptpd[12115]: CTRL: couldn't read packet header (exit)
Nov 20 13:29:28 pptpd[12115]: CTRL: CTRL read failed
Nov 20 13:29:28 pptpd[12115]: CTRL: Client 162.142.125.196 control connection finished
Nov 20 14:30:39 kernel: nvram: consolidating space!
Nov 20 14:52:59 dnsmasq-dhcp[476]: DHCPREQUEST(br0) 192.168.0.202 00:1e:06:30:c7:3e 
Nov 20 14:52:59 dnsmasq-dhcp[476]: DHCPACK(br0) 192.168.0.202 00:1e:06:30:c7:3e odroid-HC1
Nov 20 15:02:36 pptpd[13321]: CTRL: Client 78.128.113.66 control connection started
Nov 20 15:02:36 pptpd[13321]: CTRL: Starting call (launching pppd, opening GRE)
Nov 20 15:02:36 pptp[13322]: Plugin pptp.so loaded.
Nov 20 15:02:36 pptp[13322]: PPTP plugin version 0.8.5 compiled for pppd-2.4.7, linux-2.6.36.4
Nov 20 15:02:36 pptp[13322]: pppd 2.4.7 started by utylee, uid 0
Nov 20 15:02:36 pptp[13322]: Using interface ppp10
Nov 20 15:02:36 pptp[13322]: Connect: ppp10 <--> pptp (78.128.113.66)
Nov 20 15:02:37 pptp[13322]: appear to have received our own echo-reply!
Nov 20 15:02:37 pptp[13322]: No CHAP secret found for authenticating xxx
Nov 20 15:02:37 pptp[13322]: Peer xxx failed CHAP authentication
Nov 20 15:02:38 pptpd[13321]: CTRL: EOF or bad error reading ctrl packet length.
Nov 20 15:02:38 pptpd[13321]: CTRL: couldn't read packet header (exit)
Nov 20 15:02:38 pptpd[13321]: CTRL: CTRL read failed
Nov 20 15:02:38 pptpd[13321]: CTRL: Client pppd TERM sending
Nov 20 15:02:38 pptpd[13321]: CTRL: Client pppd finish wait
Nov 20 15:02:38 pptp[13322]: Terminating on signal 15
Nov 20 15:02:43 pptp[13322]: Connection terminated.
Nov 20 15:02:43 kernel: Interface ppp10 doesn't exist
Nov 20 15:02:43 kernel: Interface ppp10 doesn't exist
Nov 20 15:02:43 pptp[13322]: Modem hangup
Nov 20 15:02:43 pptp[13322]: Exit.
Nov 20 15:02:43 pptpd[13321]: CTRL: Client 78.128.113.66 control connection finished
Nov 20 15:02:45 kernel: nvram: consolidating space!
Nov 20 15:03:40 dnsmasq-dhcp[476]: DHCPDISCOVER(br0) 00:1e:06:30:cc:5b 
Nov 20 15:03:40 dnsmasq-dhcp[476]: DHCPOFFER(br0) 192.168.0.203 00:1e:06:30:cc:5b 
Nov 20 15:03:40 dnsmasq-dhcp[476]: DHCPREQUEST(br0) 192.168.0.203 00:1e:06:30:cc:5b 
Nov 20 15:03:40 dnsmasq-dhcp[476]: DHCPACK(br0) 192.168.0.203 00:1e:06:30:cc:5b odroid-HC2
Nov 20 15:14:58 dnsmasq-dhcp[476]: DHCPREQUEST(br0) 192.168.0.203 00:1e:06:30:cc:5b 
Nov 20 15:14:58 dnsmasq-dhcp[476]: DHCPACK(br0) 192.168.0.203 00:1e:06:30:cc:5b odroid-HC2
Nov 20 15:23:09 dnsmasq-dhcp[476]: DHCPREQUEST(br0) 192.168.0.203 00:1e:06:30:cc:5b 
Nov 20 15:23:09 dnsmasq-dhcp[476]: DHCPACK(br0) 192.168.0.203 00:1e:06:30:cc:5b odroid-HC2
Nov 20 15:24:54 dnsmasq-dhcp[476]: DHCPREQUEST(br0) 192.168.0.202 00:1e:06:30:c7:3e 
Nov 20 15:24:54 dnsmasq-dhcp[476]: DHCPACK(br0) 192.168.0.202 00:1e:06:30:c7:3e odroid-HC1
Nov 20 15:25:52 dnsmasq-dhcp[476]: DHCPREQUEST(br0) 192.168.0.83 1e:88:ff:78:d3:02 
Nov 20 15:25:52 dnsmasq-dhcp[476]: DHCPACK(br0) 192.168.0.83 1e:88:ff:78:d3:02 iPhone
Nov 20 15:30:32 dnsmasq-dhcp[476]: DHCPREQUEST(br0) 192.168.0.203 00:1e:06:30:cc:5b 
Nov 20 15:30:32 dnsmasq-dhcp[476]: DHCPACK(br0) 192.168.0.203 00:1e:06:30:cc:5b odroid-HC2
Nov 20 16:00:46 dnsmasq-dhcp[476]: DHCPREQUEST(br0) 192.168.0.203 00:1e:06:30:cc:5b 
Nov 20 16:00:46 dnsmasq-dhcp[476]: DHCPACK(br0) 192.168.0.203 00:1e:06:30:cc:5b odroid-HC2
Nov 20 16:02:40 dnsmasq-dhcp[476]: DHCPREQUEST(br0) 192.168.0.203 00:1e:06:30:cc:5b 
Nov 20 16:02:40 dnsmasq-dhcp[476]: DHCPACK(br0) 192.168.0.203 00:1e:06:30:cc:5b odroid-HC2
Nov 20 16:10:47 kernel: nvram: consolidating space!
Nov 20 16:14:16 dnsmasq-dhcp[476]: DHCPREQUEST(br0) 192.168.0.203 00:1e:06:30:cc:5b 
Nov 20 16:14:16 dnsmasq-dhcp[476]: DHCPACK(br0) 192.168.0.203 00:1e:06:30:cc:5b odroid-HC2
Nov 20 16:24:25 dnsmasq-dhcp[476]: DHCPREQUEST(br0) 192.168.0.203 00:1e:06:30:cc:5b 
Nov 20 16:24:25 dnsmasq-dhcp[476]: DHCPACK(br0) 192.168.0.203 00:1e:06:30:cc:5b odroid-HC2
Aug  1 09:00:12 syslogd started: BusyBox v1.25.1
Aug  1 09:00:12 kernel: klogd started: BusyBox v1.25.1 (2017-07-16 21:49:40 MSK)
Aug  1 09:00:12 kernel: Linux version 2.6.36.4brcmarm (root@ubuntu) (gcc version 4.5.3 (Buildroot 2012.02) ) #1 SMP PREEMPT Sun Jul 16 21:53:39 MSK 2017
Aug  1 09:00:12 kernel: CPU: ARMv7 Processor [413fc090] revision 0 (ARMv7), cr=10c53c7f
Aug  1 09:00:12 kernel: CPU: VIPT nonaliasing data cache, VIPT nonaliasing instruction cache
Aug  1 09:00:12 kernel: Machine: Northstar Prototype
Aug  1 09:00:12 kernel: Ignoring unrecognised tag 0x00000000
Aug  1 09:00:12 kernel: bootconsole [earlycon0] enabled
Aug  1 09:00:12 kernel: Memory policy: ECC disabled, Data cache writealloc
Aug  1 09:00:12 kernel: MPCORE found at 19020000
Aug  1 09:00:12 kernel: PERCPU: Embedded 7 pages/cpu @c8215000 s5472 r8192 d15008 u65536
Aug  1 09:00:12 kernel: pcpu-alloc: s5472 r8192 d15008 u65536 alloc=16*4096
Aug  1 09:00:12 kernel: pcpu-alloc: [0] 0 [0] 1 
Aug  1 09:00:12 kernel: Built 1 zonelists in Zone order, mobility grouping on.  Total pages: 60416
Aug  1 09:00:12 kernel: Kernel command line: root=/dev/mtdblock2 console=ttyS0,115200 init=/sbin/preinit earlyprintk debug
Aug  1 09:00:12 kernel: PID hash table entries: 1024 (order: 0, 4096 bytes)
Aug  1 09:00:12 kernel: Dentry cache hash table entries: 32768 (order: 5, 131072 bytes)
Aug  1 09:00:12 kernel: Inode-cache hash table entries: 16384 (order: 4, 65536 bytes)
Aug  1 09:00:12 kernel: Memory: 128MB 128MB = 256MB total
Aug  1 09:00:12 kernel: Memory: 255512k/255512k available, 6632k reserved, 0K highmem
Aug  1 09:00:12 kernel: Virtual kernel memory layout:
Aug  1 09:00:12 kernel:     vector  : 0xffff0000 - 0xffff1000   (   4 kB)
Aug  1 09:00:12 kernel:     fixmap  : 0xfff00000 - 0xfffe0000   ( 896 kB)
Aug  1 09:00:12 kernel:     DMA     : 0xf7e00000 - 0xffe00000   ( 128 MB)
Aug  1 09:00:12 kernel:     vmalloc : 0xd0800000 - 0xf0000000   ( 504 MB)
Aug  1 09:00:12 kernel:     lowmem  : 0xc0000000 - 0xd0000000   ( 256 MB)
Aug  1 09:00:12 kernel:     modules : 0xbf000000 - 0xc0000000   (  16 MB)
Aug  1 09:00:12 kernel:       .init : 0xc0008000 - 0xc003d000   ( 212 kB)
Aug  1 09:00:12 kernel:       .text : 0xc003d000 - 0xc03a9000   (3504 kB)
Aug  1 09:00:12 kernel:       .data : 0xc03c0000 - 0xc03e32e0   ( 141 kB)
Aug  1 09:00:12 kernel: SLUB: Genslabs=11, HWalign=32, Order=0-3, MinObjects=0, CPUs=2, Nodes=1
Aug  1 09:00:12 kernel: Hierarchical RCU implementation.
Aug  1 09:00:12 kernel: 	RCU-based detection of stalled CPUs is disabled.
Aug  1 09:00:12 kernel: 	Verbose stalled-CPUs detection is disabled.
Aug  1 09:00:12 kernel: NR_IRQS:256
Aug  1 09:00:12 kernel: MPCORE GIC init
Aug  1 09:00:12 kernel: External imprecise Data abort at addr=0x0, fsr=0x1c06 ignored.
Aug  1 09:00:12 kernel: MPCORE Global Timer Clock 500000000Hz
Aug  1 09:00:12 kernel: Calibrating delay loop... 1998.84 BogoMIPS (lpj=9994240)
Aug  1 09:00:12 kernel: pid_max: default: 32768 minimum: 301
Aug  1 09:00:12 kernel: Mount-cache hash table entries: 512
Aug  1 09:00:12 kernel: CPU: Testing write buffer coherency: ok
Aug  1 09:00:12 kernel: MPCORE Private timer setup CPU0
Aug  1 09:00:12 kernel: Calibrating local timer... 499.827MHz.
Aug  1 09:00:12 kernel: L310: cache controller enabled 16 ways, CACHE_ID 0x410000c8, AUX_CTRL 0x7a130000
Aug  1 09:00:12 kernel: CPU1: Booted secondary processor
Aug  1 09:00:12 kernel: MPCORE Private timer setup CPU1
Aug  1 09:00:12 kernel: Brought up 2 CPUs
Aug  1 09:00:12 kernel: SMP: Total of 2 processors activated (3997.69 BogoMIPS).
Aug  1 09:00:12 kernel: devtmpfs: initialized
Aug  1 09:00:12 kernel: atomic64 test passed
Aug  1 09:00:12 kernel: NET: Registered protocol family 16
Aug  1 09:00:12 kernel: Found a Mxic NAND flash:
Aug  1 09:00:12 kernel: Total size:  128MB
Aug  1 09:00:12 kernel: Block size:  128KB
Aug  1 09:00:12 kernel: Page Size:   2048B
Aug  1 09:00:12 kernel: OOB Size:    64B
Aug  1 09:00:12 kernel: Sector size: 512B
Aug  1 09:00:12 kernel: Spare size:  16B
Aug  1 09:00:12 kernel: ECC level:   8 (8-bit)
Aug  1 09:00:12 kernel: Device ID: 0xc2 0xf1 0x80 0x95 0x 2 0x00
Aug  1 09:00:12 kernel: CCA UART Clock Config: Sel=1 Ovr=1 Div=48
Aug  1 09:00:12 kernel: CCA UART Clock rate 125000000Hz
Aug  1 09:00:12 kernel: bio: create slab <bio-0> at 0
Aug  1 09:00:12 kernel: Switching to clocksource mpcore_gtimer
Aug  1 09:00:12 kernel: NET: Registered protocol family 2
Aug  1 09:00:12 kernel: IP route cache hash table entries: 2048 (order: 1, 8192 bytes)
Aug  1 09:00:12 kernel: TCP established hash table entries: 8192 (order: 4, 65536 bytes)
Aug  1 09:00:12 kernel: TCP bind hash table entries: 8192 (order: 4, 98304 bytes)
Aug  1 09:00:12 kernel: TCP: Hash tables configured (established 8192 bind 8192)
Aug  1 09:00:12 kernel: TCP reno registered
Aug  1 09:00:12 kernel: UDP hash table entries: 128 (order: 0, 4096 bytes)
Aug  1 09:00:12 kernel: UDP-Lite hash table entries: 128 (order: 0, 4096 bytes)
Aug  1 09:00:12 kernel: NET: Registered protocol family 1
Aug  1 09:00:12 kernel: PCI: no core
Aug  1 09:00:12 kernel: PCI: no core
Aug  1 09:00:12 kernel: PCI: scanning bus 0
Aug  1 09:00:12 kernel: PCI: Fixing up bus 0
Aug  1 09:00:12 kernel: PCIE1 link=1
Aug  1 09:00:12 kernel: PCIE1 switching to GEN2
Aug  1 09:00:12 kernel: PCIE1 link=1
Aug  1 09:00:12 kernel: PCI: Fixing up bus 0
Aug  1 09:00:12 kernel: PCI: bus0: Fast back to back transfers disabled
Aug  1 09:00:12 kernel: PCI: Fixing up bus 1
Aug  1 09:00:12 kernel: PCI: bus1: Fast back to back transfers disabled
Aug  1 09:00:12 kernel: pci 0001:00:00.0: BAR 8: assigned [mem 0x08000000-0x080fffff]
Aug  1 09:00:12 kernel: pci 0001:01:00.0: BAR 0: assigned [mem 0x08000000-0x08007fff 64bit]
Aug  1 09:00:12 kernel: pci 0001:01:00.0: BAR 0: set to [mem 0x08000000-0x08007fff 64bit] (PCI address [0x8000000-0x8007fff]
Aug  1 09:00:12 kernel: pci 0001:00:00.0: PCI bridge to [bus 01-01]
Aug  1 09:00:12 kernel: pci 0001:00:00.0:   bridge window [io  disabled]
Aug  1 09:00:12 kernel: pci 0001:00:00.0:   bridge window [mem 0x08000000-0x080fffff]
Aug  1 09:00:12 kernel: pci 0001:00:00.0:   bridge window [mem pref disabled]
Aug  1 09:00:12 kernel: PCIE2 link=1
Aug  1 09:00:12 kernel: PCIE2 switching to GEN2
Aug  1 09:00:12 kernel: PCIE2 link=1
Aug  1 09:00:12 kernel: PCI: Fixing up bus 0
Aug  1 09:00:12 kernel: PCI: bus0: Fast back to back transfers disabled
Aug  1 09:00:12 kernel: PCI: Fixing up bus 2
Aug  1 09:00:12 kernel: PCI: bus2: Fast back to back transfers disabled
Aug  1 09:00:12 kernel: pci 0002:00:00.0: BAR 8: assigned [mem 0x40000000-0x400fffff]
Aug  1 09:00:12 kernel: pci 0002:02:00.0: BAR 0: assigned [mem 0x40000000-0x40007fff 64bit]
Aug  1 09:00:12 kernel: pci 0002:02:00.0: BAR 0: set to [mem 0x40000000-0x40007fff 64bit] (PCI address [0x40000000-0x40007fff]
Aug  1 09:00:12 kernel: pci 0002:00:00.0: PCI bridge to [bus 02-02]
Aug  1 09:00:12 kernel: pci 0002:00:00.0:   bridge window [io  disabled]
Aug  1 09:00:12 kernel: pci 0002:00:00.0:   bridge window [mem 0x40000000-0x400fffff]
Aug  1 09:00:12 kernel: pci 0002:00:00.0:   bridge window [mem pref disabled]
Aug  1 09:00:12 kernel: PCIE3 link=0
Aug  1 09:00:12 kernel: VFS: Disk quotas dquot_6.5.2
Aug  1 09:00:12 kernel: Dquot-cache hash table entries: 1024 (order 0, 4096 bytes)
Aug  1 09:00:12 kernel: squashfs: version 4.0 (2009/01/31) Phillip Lougher
Aug  1 09:00:12 kernel: fuse init (API version 7.15)
Aug  1 09:00:12 kernel: msgmni has been set to 499
Aug  1 09:00:12 kernel: io scheduler noop registered (default)
Aug  1 09:00:12 kernel: io scheduler deadline registered
Aug  1 09:00:12 kernel: io scheduler cfq registered
Aug  1 09:00:12 kernel: Serial: 8250/16550 driver, 2 ports, IRQ sharing disabled
Aug  1 09:00:12 kernel: serial8250.0: ttyS0 at MMIO 0x18000300 (irq = 117) is a 16550
Aug  1 09:00:12 kernel: console [ttyS0] enabled, bootconsole disabled
Aug  1 09:00:12 kernel: serial8250.0: ttyS1 at MMIO 0x18000400 (irq = 117) is a 16550
Aug  1 09:00:12 kernel: brd: module loaded
Aug  1 09:00:12 kernel: loop: module loaded
Aug  1 09:00:12 kernel: pflash: found no supported devices
Aug  1 09:00:12 kernel: bcmsflash: found no supported devices
Aug  1 09:00:12 kernel: Boot partition size = 524288(0x80000)
Aug  1 09:00:12 kernel: lookup_nflash_rootfs_offset: offset = 0x200000
Aug  1 09:00:12 kernel: nflash: squash filesystem with lzma found at block 28
Aug  1 09:00:12 kernel: Creating 4 MTD partitions on "nflash":
Aug  1 09:00:12 kernel: 0x000000000000-0x000000080000 : "boot"
Aug  1 09:00:12 kernel: 0x000000080000-0x000000200000 : "nvram"
Aug  1 09:00:12 kernel: 0x000000200000-0x000002000000 : "linux"
Aug  1 09:00:12 kernel: 0x00000039d3a4-0x000002000000 : "rootfs"
Aug  1 09:00:12 kernel: PPP generic driver version 2.4.2
Aug  1 09:00:12 kernel: PPP MPPE Compression module registered
Aug  1 09:00:12 kernel: NET: Registered protocol family 24
Aug  1 09:00:12 kernel: PPTP driver version 0.8.5
Aug  1 09:00:12 kernel: Mirror/redirect action on
Aug  1 09:00:12 kernel: u32 classifier
Aug  1 09:00:12 kernel:     Actions configured
Aug  1 09:00:12 kernel: Netfilter messages via NETLINK v0.30.
Aug  1 09:00:12 kernel: nf_conntrack version 0.5.0 (3992 buckets, 15968 max)
Aug  1 09:00:12 kernel: xt_time: kernel timezone is -0000
Aug  1 09:00:12 kernel: ip_tables: (C) 2000-2006 Netfilter Core Team
Aug  1 09:00:12 kernel: TCP cubic registered
Aug  1 09:00:12 kernel: NET: Registered protocol family 10
Aug  1 09:00:12 kernel: ip6_tables: (C) 2000-2006 Netfilter Core Team
Aug  1 09:00:12 kernel: NET: Registered protocol family 17
Aug  1 09:00:12 kernel: L2TP core driver, V2.0
Aug  1 09:00:12 kernel: PPPoL2TP kernel driver, V2.0
Aug  1 09:00:12 kernel: 802.1Q VLAN Support v1.8 Ben Greear <greearb@candelatech.com>
Aug  1 09:00:12 kernel: All bugs added by David S. Miller <davem@redhat.com>
Aug  1 09:00:12 kernel: Registering the dns_resolver key type
Aug  1 09:00:12 kernel: Northstar brcmnand NAND Flash Controller driver, Version 0.1 (c) Broadcom Inc. 2012
Aug  1 09:00:12 kernel: NAND device: Manufacturer ID: 0xc2, Chip ID: 0xf1 (Unknown NAND 128MiB 3,3V 8-bit)
Aug  1 09:00:12 kernel: Spare area=64 eccbytes 56, ecc bytes located at:
Aug  1 09:00:12 kernel:  2 3 4 5 6 7 8 9 10 11 12 13 14 15 18 19 20 21 22 23 24 25 26 27 28 29 30 31 34 35 36 37 38 39 40 41 42 43 44 45 46 47 50 51 52 53 54 55 56 57 58 59 60 61 62 63
Aug  1 09:00:12 kernel: Available 7 bytes at (off,len):
Aug  1 09:00:12 kernel: (1,1) (16,2) (32,2) (48,2) (0,0) (0,0) (0,0) (0,0) 
Aug  1 09:00:12 kernel: Scanning device for bad blocks
Aug  1 09:00:12 kernel: Bad eraseblock 288 at 0x000002400000
Aug  1 09:00:12 kernel: Options: NO_AUTOINCR,NO_READRDY,
Aug  1 09:00:12 kernel: Creating 2 MTD partitions on "brcmnand":
Aug  1 09:00:12 kernel: 0x000002600000-0x000007ec0000 : "brcmnand"
Aug  1 09:00:12 kernel: 0x000007ec0000-0x000008000000 : "asus"
Aug  1 09:00:12 kernel: VFS: Mounted root (squashfs filesystem) readonly on device 31:3.
Aug  1 09:00:12 kernel: devtmpfs: mounted
Aug  1 09:00:12 kernel: Freeing init memory: 212K
Aug  1 09:00:12 kernel: ctf: module license 'Proprietary' taints kernel.
Aug  1 09:00:12 kernel: Disabling lock debugging due to kernel taint
Aug  1 09:00:12 kernel: et_module_init: passivemode set to 0x0
Aug  1 09:00:12 kernel: et_module_init: txworkq set to 0x0
Aug  1 09:00:12 kernel: et_module_init: et_txq_thresh set to 0xce4
Aug  1 09:00:12 kernel: aux0: Broadcom BCM47XX 10/100/1000 Mbps Ethernet Controller 6.37.14.126 (r561982)
Aug  1 09:00:12 kernel: eth0: Broadcom BCM47XX 10/100/1000 Mbps Ethernet Controller 6.37.14.126 (r561982)
Aug  1 09:00:12 kernel: wl_module_init: passivemode set to 0x0
Aug  1 09:00:12 kernel: wl_module_init: igs set to 0x0
Aug  1 09:00:12 kernel: wl_module_init: txworkq set to 0x0
Aug  1 09:00:12 kernel: eth1: Broadcom BCM4360 802.11 Wireless Controller 6.37.14.126 (r561982)
Aug  1 09:00:12 kernel: eth2: Broadcom BCM4360 802.11 Wireless Controller 6.37.14.126 (r561982)
Aug  1 09:00:12 kernel: JFFS2 version 2.2. (NAND) Â© 2001-2006 Red Hat, Inc.
Aug  1 09:00:13 kernel: device vlan1 entered promiscuous mode
Aug  1 09:00:13 kernel: device eth0 entered promiscuous mode
Aug  1 09:00:13 kernel: device eth1 entered promiscuous mode
Aug  1 09:00:13 kernel: device eth2 entered promiscuous mode
Aug  1 09:00:13 kernel: br0: topology change detected, propagating
Aug  1 09:00:13 kernel: br0: port 3(eth2) entering forwarding state
Aug  1 09:00:13 kernel: br0: port 3(eth2) entering forwarding state
Aug  1 09:00:13 kernel: br0: topology change detected, propagating
Aug  1 09:00:13 kernel: br0: port 2(eth1) entering forwarding state
Aug  1 09:00:13 kernel: br0: port 2(eth1) entering forwarding state
Aug  1 09:00:13 kernel: br0: topology change detected, propagating
Aug  1 09:00:13 kernel: br0: port 1(vlan1) entering forwarding state
Aug  1 09:00:13 kernel: br0: port 1(vlan1) entering forwarding state
Aug  1 09:00:14 WAN_Connection: ISP's DHCP did not function properly.
Aug  1 09:00:14 dropbear[466]: Running in background
Aug  1 09:00:18 dnsmasq[476]: started, version 2.76 cachesize 1500
Aug  1 09:00:18 dnsmasq[476]: asynchronous logging enabled, queue limit is 5 messages
Aug  1 09:00:18 dnsmasq-dhcp[476]: DHCP, IP range 192.168.0.2 -- 192.168.0.254, lease time 1d
Aug  1 09:00:18 dnsmasq[476]: read /etc/hosts - 5 addresses
Aug  1 09:00:18 dnsmasq[476]: read /etc/hosts.dnsmasq - 20 addresses
Aug  1 09:00:18 dnsmasq-dhcp[476]: read /etc/ethers - 21 addresses
Aug  1 09:00:18 R7000: start httpd - SSL
Aug  1 09:00:18 R7000: start httpd
Aug  1 09:00:18 crond[485]: crond (busybox 1.25.1) started, log level 8
Aug  1 09:00:18 snooper[492]: started on vlan1@br0
Aug  1 09:00:18 pptpd[509]: MGR: Config file not found!
Aug  1 09:00:18 pptpd[509]: MGR: Maximum of 100 connections reduced to 10, not enough IP addresses given
Aug  1 09:00:18 pptpd[509]: accel-pptpd-0.8.5 compiled for pppd-2.4.5, linux-2.6.36.4
Aug  1 09:00:19 pptpd[516]: MGR: Manager process started
Aug  1 09:00:19 pptpd[516]: MGR: Maximum of 10 connections available
Aug  1 09:00:19 syslog: Generating SSL certificate...
Aug  1 09:00:19 hour_monitor: daemon is starting
Aug  1 09:00:19 hour_monitor: daemon terminates
Aug  1 09:00:19 bcrelay[519]: Running as child
Aug  1 09:00:19 jffs2: valid logs(1)
Aug  1 09:00:19 disk_monitor: be idle
Aug  1 09:00:19 wan: mac clone: [wan0_hwaddr] == [b4:2e:99:07:76:fa]
Aug  1 09:00:19 dnsmasq[476]: read /etc/hosts - 5 addresses
Aug  1 09:00:19 dnsmasq[476]: read /etc/hosts.dnsmasq - 20 addresses
Aug  1 09:00:19 dnsmasq-dhcp[476]: read /etc/ethers - 21 addresses
Aug  1 09:00:19 rc_service: udhcpc 573:notify_rc start_firewall
Aug  1 09:00:19 dnsmasq[476]: read /etc/hosts - 5 addresses
Aug  1 09:00:19 dnsmasq[476]: read /etc/hosts.dnsmasq - 20 addresses
Aug  1 09:00:19 dnsmasq-dhcp[476]: read /etc/ethers - 21 addresses
Aug  1 09:00:19 dnsmasq[476]: using nameserver 168.126.63.2#53 for domain kornet 
Aug  1 09:00:19 dnsmasq[476]: using nameserver 168.126.63.1#53 for domain kornet 
Aug  1 09:00:19 dnsmasq[476]: using nameserver 168.126.63.1#53
Aug  1 09:00:19 dnsmasq[476]: using nameserver 168.126.63.2#53
Aug  1 09:00:20 rc_service: udhcpc 573:notify_rc stop_upnp
Aug  1 09:00:20 rc_service: waitting "start_firewall" via udhcpc ...
Aug  1 09:00:21 kernel: usbcore: registered new interface driver usbfs
Aug  1 09:00:21 kernel: usbcore: registered new interface driver hub
Aug  1 09:00:21 kernel: usbcore: registered new device driver usb
Aug  1 09:00:21 syslog: module ledtrig-usbdev not found in modules.dep
Aug  1 09:00:21 syslog: module leds-usb not found in modules.dep
Aug  1 09:00:21 kernel: SCSI subsystem initialized
Aug  1 09:00:21 kernel: csw_retry 100
Aug  1 09:00:21 kernel: Initializing USB Mass Storage driver...
Aug  1 09:00:21 kernel: usbcore: registered new interface driver usb-storage
Aug  1 09:00:21 kernel: USB Mass Storage support registered.
Aug  1 09:00:22 dnsmasq-dhcp[476]: DHCPDISCOVER(br0) 192.168.0.202 00:1e:06:30:c7:3e 
Aug  1 09:00:22 dnsmasq-dhcp[476]: DHCPOFFER(br0) 192.168.0.202 00:1e:06:30:c7:3e 
Aug  1 09:00:22 dnsmasq-dhcp[476]: DHCPREQUEST(br0) 192.168.0.202 00:1e:06:30:c7:3e 
Aug  1 09:00:22 dnsmasq-dhcp[476]: DHCPACK(br0) 192.168.0.202 00:1e:06:30:c7:3e odroid-HC1
Aug  1 09:00:22 dnsmasq-dhcp[476]: DHCPREQUEST(br0) 192.168.0.247 8a:fd:d8:79:4e:17 
Aug  1 09:00:22 dnsmasq-dhcp[476]: DHCPACK(br0) 192.168.0.247 8a:fd:d8:79:4e:17 iPhone
Aug  1 09:00:22 kernel: Tuxera FAT 12/16/32 driver version 3015.1.29.5_1 [Flags: R/W MODULE].
Aug  1 09:00:22 kernel: Built against headers 2.6.36.4brcmarm #1 SMP PREEMPT Wed Dec 2 11:17:39 CST 2015 arm
Aug  1 09:00:22 kernel: Running on kernel 2.6.36.4brcmarm #1 SMP PREEMPT Sun Jul 16 21:53:39 MSK 2017 armv7l
Aug  1 09:00:22 dnsmasq-dhcp[476]: DHCPDISCOVER(br0) 18:c0:4d:11:2c:dc 
Aug  1 09:00:22 dnsmasq-dhcp[476]: DHCPOFFER(br0) 192.168.0.204 18:c0:4d:11:2c:dc 
Aug  1 09:00:22 dnsmasq-dhcp[476]: DHCPREQUEST(br0) 192.168.0.204 18:c0:4d:11:2c:dc 
Aug  1 09:00:22 dnsmasq-dhcp[476]: DHCPACK(br0) 192.168.0.204 18:c0:4d:11:2c:dc GIGABYTE-J4105
Aug  1 09:00:23 kernel: Tuxera NTFS driver 3015.1.29.8_1 [Flags: R/W MODULE].
Aug  1 09:00:23 kernel: Tuxera HFS+ driver 3014.7.28
Aug  1 09:00:23 kernel: ehci_hcd: USB 2.0 'Enhanced' Host Controller (EHCI) Driver
Aug  1 09:00:23 kernel: ehci_hcd 0000:00:0b.1: EHCI Host Controller
Aug  1 09:00:23 kernel: ehci_hcd 0000:00:0b.1: new USB bus registered, assigned bus number 1
Aug  1 09:00:23 kernel: ehci_hcd 0000:00:0b.1: irq 111, io mem 0x18021000
Aug  1 09:00:23 kernel: ehci_hcd 0000:00:0b.1: USB 0.0 started, EHCI 1.00
Aug  1 09:00:23 kernel: hub 1-0:1.0: USB hub found
Aug  1 09:00:23 kernel: hub 1-0:1.0: 2 ports detected
Aug  1 09:00:23 kernel: ohci_hcd: USB 1.1 'Open' Host Controller (OHCI) Driver
Aug  1 09:00:23 kernel: ohci_hcd 0000:00:0b.0: OHCI Host Controller
Aug  1 09:00:23 kernel: ohci_hcd 0000:00:0b.0: new USB bus registered, assigned bus number 2
Aug  1 09:00:23 kernel: ohci_hcd 0000:00:0b.0: irq 111, io mem 0x18022000
Aug  1 09:00:23 kernel: hub 2-0:1.0: USB hub found
Aug  1 09:00:23 kernel: hub 2-0:1.0: 2 ports detected
Aug  1 09:00:23 kernel: usbcore: registered new interface driver usblp
Aug  1 09:00:23 kernel: usbcore: registered new interface driver asix
Aug  1 09:00:23 kernel: usbcore: registered new interface driver cdc_ether
Aug  1 09:00:23 kernel: usbcore: registered new interface driver rndis_host
Aug  1 09:00:23 kernel: cdc_ncm: 14-Mar-2012
Aug  1 09:00:23 kernel: usbcore: registered new interface driver cdc_ncm
Aug  1 09:00:23 kernel: usbcore: registered new interface driver cdc_wdm
Aug  1 09:00:23 kernel: usbcore: registered new interface driver qmi_wwan
Aug  1 09:00:23 kernel: cdc_mbim: loaded
Aug  1 09:00:23 kernel: usbcore: registered new interface driver cdc_mbim
Aug  1 09:00:24 WAN_Connection: WAN was restored.
Aug  1 09:00:24 start_nat_rules: apply the nat_rules(/tmp/nat_rules_vlan2_vlan2)!
Aug  1 09:00:25 kernel: nf_conntrack_rtsp v0.6.21 loading
Aug  1 09:00:25 kernel: nf_nat_rtsp v0.6.21 loading
Aug  1 09:00:26 rc_service: udhcpc 573:notify_rc start_upnp
Aug  1 09:00:26 rc_service: waitting "stop_upnp" via udhcpc ...
Aug  1 09:00:26 start_nat_rules: apply the nat_rules(/tmp/nat_rules_vlan2_vlan2)!
Aug  1 09:00:27 rc_service: udhcpc 573:notify_rc start_vpnserver1
Aug  1 09:00:27 miniupnpd[829]: HTTP listening on port 47813
Aug  1 09:00:27 miniupnpd[829]: Listening for NAT-PMP/PCP traffic on port 5351
Aug  1 09:00:28 ntp: start NTP update
Aug  1 09:00:28 openvpn-routing: Refreshing policy rules for client 1
Nov 20 16:28:54 rc_service: ntp 828:notify_rc restart_upnp
Nov 20 16:28:54 rc_service: waitting "start_vpnserver1" via udhcpc ...
Nov 20 16:28:54 openvpn-routing: Allow WAN access to all VPN clients
Nov 20 16:28:54 openvpn-routing: Refreshing policy rules for client 2
Nov 20 16:28:54 openvpn-routing: Allow WAN access to all VPN clients
Nov 20 16:28:54 openvpn-routing: Refreshing policy rules for client 3
Nov 20 16:28:54 openvpn-routing: Allow WAN access to all VPN clients
Nov 20 16:28:54 openvpn-routing: Refreshing policy rules for client 4
Nov 20 16:28:54 openvpn-routing: Allow WAN access to all VPN clients
Nov 20 16:28:55 openvpn-routing: Refreshing policy rules for client 5
Nov 20 16:28:55 openvpn-routing: Allow WAN access to all VPN clients
Nov 20 16:28:55 custom_script: Running /jffs/scripts/ddns-start (args: 59.12.183.26)
Nov 20 16:28:55 utylee: DDNS Request URL: https://www.duckdns.org/update?domains=utylee&token=5882867e-afb1-4242-82cd-ed3b3baa0eea&ip=59.12.183.26&ipv6=
Nov 20 16:28:56 utylee: DDNS Request result: OK
Nov 20 16:28:56 ddns: Completed custom ddns update
Nov 20 16:28:56 rc_service: udhcpc 573:notify_rc stop_pptpd
Nov 20 16:28:56 rc_service: waitting "start_vpnserver1" via udhcpc ...
Nov 20 16:28:58 kernel: tun: Universal TUN/TAP device driver, 1.6
Nov 20 16:28:58 kernel: tun: (C) 1999-2004 Max Krasnyansky <maxk@qualcomm.com>
Nov 20 16:28:59 kernel: ADDRCONF(NETDEV_UP): tun21: link is not ready
Nov 20 16:28:59 kernel: device tun21 entered promiscuous mode
Nov 20 16:29:00 openvpn[985]: OpenVPN 2.4.3 arm-unknown-linux-gnu [SSL (OpenSSL)] [LZO] [LZ4] [EPOLL] [MH/PKTINFO] [AEAD] built on Jul 16 2017
Nov 20 16:29:00 openvpn[985]: library versions: OpenSSL 1.0.2l  25 May 2017, LZO 2.08
Nov 20 16:29:00 openvpn[986]: PLUGIN_INIT: POST /usr/lib/openvpn-plugin-auth-pam.so '[/usr/lib/openvpn-plugin-auth-pam.so] [openvpn]' intercepted=PLUGIN_AUTH_USER_PASS_VERIFY 
Nov 20 16:29:00 openvpn[986]: Diffie-Hellman initialized with 2048 bit key
Nov 20 16:29:00 openvpn[986]: TUN/TAP device tun21 opened
Nov 20 16:29:00 openvpn[986]: TUN/TAP TX queue length set to 100
Nov 20 16:29:00 openvpn[986]: do_ifconfig, tt->did_ifconfig_ipv6_setup=0
Nov 20 16:29:00 kernel: ADDRCONF(NETDEV_CHANGE): tun21: link becomes ready
Nov 20 16:29:00 openvpn[986]: /usr/sbin/ip link set dev tun21 up mtu 1500
Nov 20 16:29:00 openvpn[986]: /usr/sbin/ip addr add dev tun21 10.8.0.1/24 broadcast 10.8.0.255
Nov 20 16:29:00 openvpn[986]: Could not determine IPv4/IPv6 protocol. Using AF_INET6
Nov 20 16:29:00 openvpn[986]: Socket Buffers: R=[122880->122880] S=[122880->122880]
Nov 20 16:29:00 openvpn[986]: setsockopt(IPV6_V6ONLY=0)
Nov 20 16:29:00 openvpn[986]: UDPv6 link local (bound): [AF_INET6][undef]:11194
Nov 20 16:29:00 openvpn[986]: UDPv6 link remote: [AF_UNSPEC]
Nov 20 16:29:00 openvpn[986]: MULTI: multi_init called, r=256 v=256
Nov 20 16:29:00 openvpn[986]: IFCONFIG POOL: base=10.8.0.2 size=252, ipv6=0
Nov 20 16:29:00 openvpn[986]: Initialization Sequence Completed
Nov 20 16:29:00 miniupnpd[829]: shutting down MiniUPnPd
Nov 20 16:29:00 miniupnpd[991]: HTTP listening on port 44677
Nov 20 16:29:00 miniupnpd[991]: Listening for NAT-PMP/PCP traffic on port 5351
Nov 20 16:29:00 rc_service: udhcpc 573:notify_rc start_pptpd
Nov 20 16:29:00 rc_service: waitting "stop_pptpd" via udhcpc ...
Nov 20 16:29:01 rc_service: ntp 828:notify_rc restart_diskmon
Nov 20 16:29:01 disk_monitor: Finish
Nov 20 16:29:02 disk_monitor: be idle
Nov 20 16:29:02 dnsmasq-dhcp[476]: DHCPREQUEST(br0) 192.168.0.107 a8:66:7f:14:a1:44 
Nov 20 16:29:02 dnsmasq-dhcp[476]: DHCPACK(br0) 192.168.0.107 a8:66:7f:14:a1:44 utylee-MacBook
Nov 20 16:29:02 dhcp_client: bound 59.12.183.26 via 59.12.183.1 during 3600 seconds.
Nov 20 16:29:02 pptpd[994]: MGR: Config file not found!
Nov 20 16:29:02 pptpd[994]: MGR: Maximum of 100 connections reduced to 10, not enough IP addresses given
Nov 20 16:29:02 pptpd[994]: accel-pptpd-0.8.5 compiled for pppd-2.4.5, linux-2.6.36.4
Nov 20 16:29:02 pptpd[996]: MGR: Manager process started
Nov 20 16:29:02 pptpd[996]: MGR: Maximum of 10 connections available
Nov 20 16:29:02 miniupnpd[991]: shutting down MiniUPnPd
Nov 20 16:29:02 start_nat_rules: apply the nat_rules(/tmp/nat_rules_vlan2_vlan2)!
Nov 20 16:29:03 dnsmasq-dhcp[476]: DHCPREQUEST(br0) 192.168.0.59 e0:b9:ba:bf:91:48 
Nov 20 16:29:03 dnsmasq-dhcp[476]: DHCPACK(br0) 192.168.0.59 e0:b9:ba:bf:91:48 TaeyooneeuiiPad
Nov 20 16:29:03 bcrelay[997]: Running as child
Nov 20 16:29:03 miniupnpd[1022]: HTTP listening on port 39986
Nov 20 16:29:03 miniupnpd[1022]: Listening for NAT-PMP/PCP traffic on port 5351
Nov 20 16:29:03 dnsmasq-dhcp[476]: DHCPDISCOVER(br0) 192.168.0.102 b4:2e:99:07:76:fa 
Nov 20 16:29:03 dnsmasq-dhcp[476]: DHCPOFFER(br0) 192.168.0.102 b4:2e:99:07:76:fa 
Nov 20 16:29:03 dnsmasq-dhcp[476]: DHCPREQUEST(br0) 192.168.0.102 b4:2e:99:07:76:fa 
Nov 20 16:29:03 dnsmasq-dhcp[476]: DHCPACK(br0) 192.168.0.102 b4:2e:99:07:76:fa DESKTOP-EF2VV4U
Nov 20 16:29:13 miniupnpd[1022]: upnp_event_send: send(): Connection reset by peer
Nov 20 16:29:26 crond[485]: time disparity of 3316769 minutes detected
Nov 20 16:30:26 dnsmasq-dhcp[476]: DHCPREQUEST(br0) 192.168.0.83 1e:88:ff:78:d3:02 
Nov 20 16:30:26 dnsmasq-dhcp[476]: DHCPACK(br0) 192.168.0.83 1e:88:ff:78:d3:02 iPhone
Nov 20 16:41:56 dnsmasq-dhcp[476]: DHCPREQUEST(br0) 192.168.0.203 00:1e:06:30:cc:5b 
Nov 20 16:41:56 dnsmasq-dhcp[476]: DHCPACK(br0) 192.168.0.203 00:1e:06:30:cc:5b odroid-HC2
Nov 20 16:56:25 dnsmasq-dhcp[476]: DHCPDISCOVER(br0) 00:1e:06:30:cc:5b 
Nov 20 16:56:25 dnsmasq-dhcp[476]: DHCPOFFER(br0) 192.168.0.203 00:1e:06:30:cc:5b 
Nov 20 16:56:25 dnsmasq-dhcp[476]: DHCPREQUEST(br0) 192.168.0.203 00:1e:06:30:cc:5b 
Nov 20 16:56:25 dnsmasq-dhcp[476]: DHCPACK(br0) 192.168.0.203 00:1e:06:30:cc:5b odroid-HC2
Nov 20 17:00:02 disk_monitor: Got SIGALRM...
Nov 20 17:04:08 dnsmasq-dhcp[476]: DHCPREQUEST(br0) 192.168.0.203 00:1e:06:30:cc:5b 
Nov 20 17:04:08 dnsmasq-dhcp[476]: DHCPACK(br0) 192.168.0.203 00:1e:06:30:cc:5b odroid-HC2
Nov 20 17:18:21 dnsmasq-dhcp[476]: DHCPREQUEST(br0) 192.168.0.61 08:ae:d6:00:29:a9 
Nov 20 17:18:21 dnsmasq-dhcp[476]: DHCPACK(br0) 192.168.0.61 08:ae:d6:00:29:a9 Galaxy-S9
Nov 20 17:26:12 dnsmasq-dhcp[476]: DHCPDISCOVER(br0) e4:e0:c5:0e:66:a2 
Nov 20 17:26:12 dnsmasq-dhcp[476]: DHCPOFFER(br0) 192.168.0.148 e4:e0:c5:0e:66:a2 
Nov 20 17:26:12 dnsmasq-dhcp[476]: DHCPREQUEST(br0) 192.168.0.148 e4:e0:c5:0e:66:a2 
Nov 20 17:26:12 dnsmasq-dhcp[476]: DHCPACK(br0) 192.168.0.148 e4:e0:c5:0e:66:a2 
Nov 20 17:29:09 dnsmasq-dhcp[476]: DHCPREQUEST(br0) 192.168.0.203 00:1e:06:30:cc:5b 
Nov 20 17:29:09 dnsmasq-dhcp[476]: DHCPACK(br0) 192.168.0.203 00:1e:06:30:cc:5b odroid-HC2
Nov 20 17:48:19 miniupnpd[1022]: upnp_event_send: send(): Connection reset by peer
Nov 20 17:51:16 pptpd[2054]: CTRL: Client 31.207.47.46 control connection started
Nov 20 17:51:17 pptpd[2054]: CTRL: Starting call (launching pppd, opening GRE)
Nov 20 17:51:17 pptp[2055]: Plugin pptp.so loaded.
Nov 20 17:51:17 pptp[2055]: PPTP plugin version 0.8.5 compiled for pppd-2.4.7, linux-2.6.36.4
Nov 20 17:51:17 pptp[2055]: pppd 2.4.7 started by utylee, uid 0
Nov 20 17:51:17 pptp[2055]: Using interface ppp10
Nov 20 17:51:17 pptp[2055]: Connect: ppp10 <--> pptp (31.207.47.46)
Nov 20 17:51:18 pptp[2055]: appear to have received our own echo-reply!
Nov 20 17:51:18 pptp[2055]: No CHAP secret found for authenticating admin
Nov 20 17:51:18 pptp[2055]: Peer admin failed CHAP authentication
Nov 20 17:51:18 pptpd[2054]: CTRL: EOF or bad error reading ctrl packet length.
Nov 20 17:51:18 pptpd[2054]: CTRL: couldn't read packet header (exit)
Nov 20 17:51:18 pptpd[2054]: CTRL: CTRL read failed
Nov 20 17:51:18 pptpd[2054]: CTRL: Client pppd TERM sending
Nov 20 17:51:18 pptpd[2054]: CTRL: Client pppd finish wait
Nov 20 17:51:18 pptp[2055]: Terminating on signal 15
Nov 20 17:51:24 pptp[2055]: Connection terminated.
Nov 20 17:51:24 pptp[2055]: Modem hangup
Nov 20 17:51:24 pptp[2055]: Exit.
Nov 20 17:51:24 pptpd[2054]: CTRL: Client 31.207.47.46 control connection finished
Nov 20 17:51:24 kernel: Interface ppp10 doesn't exist
Nov 20 17:51:24 kernel: Interface ppp10 doesn't exist
Nov 20 18:06:03 pptpd[2255]: CTRL: Client 78.128.113.66 control connection started
Nov 20 18:06:04 pptpd[2255]: CTRL: Starting call (launching pppd, opening GRE)
Nov 20 18:06:04 pptp[2256]: Plugin pptp.so loaded.
Nov 20 18:06:04 pptp[2256]: PPTP plugin version 0.8.5 compiled for pppd-2.4.7, linux-2.6.36.4
Nov 20 18:06:04 pptp[2256]: pppd 2.4.7 started by utylee, uid 0
Nov 20 18:06:04 pptp[2256]: Using interface ppp10
Nov 20 18:06:04 pptp[2256]: Connect: ppp10 <--> pptp (78.128.113.66)
Nov 20 18:06:05 pptp[2256]: appear to have received our own echo-reply!
Nov 20 18:06:05 pptp[2256]: No CHAP secret found for authenticating 000
Nov 20 18:06:05 pptp[2256]: Peer 000 failed CHAP authentication
Nov 20 18:06:05 pptpd[2255]: CTRL: EOF or bad error reading ctrl packet length.
Nov 20 18:06:05 pptpd[2255]: CTRL: couldn't read packet header (exit)
Nov 20 18:06:05 pptpd[2255]: CTRL: CTRL read failed
Nov 20 18:06:05 pptpd[2255]: CTRL: Client pppd TERM sending
Nov 20 18:06:05 pptpd[2255]: CTRL: Client pppd finish wait
Nov 20 18:06:05 pptp[2256]: Terminating on signal 15
Nov 20 18:06:11 pptp[2256]: Connection terminated.
Nov 20 18:06:11 pptp[2256]: Modem hangup
Nov 20 18:06:11 pptp[2256]: Exit.
Nov 20 18:06:11 pptpd[2255]: CTRL: Client 78.128.113.66 control connection finished
Nov 20 18:06:11 kernel: Interface ppp10 doesn't exist
Nov 20 18:06:11 kernel: Interface ppp10 doesn't exist
Nov 20 20:55:54 dnsmasq-dhcp[476]: DHCPDISCOVER(br0) 8a:fd:d8:79:4e:17 
Nov 20 20:55:54 dnsmasq-dhcp[476]: DHCPOFFER(br0) 192.168.0.247 8a:fd:d8:79:4e:17 
Nov 20 20:55:56 dnsmasq-dhcp[476]: DHCPREQUEST(br0) 192.168.0.247 8a:fd:d8:79:4e:17 
Nov 20 20:55:56 dnsmasq-dhcp[476]: DHCPACK(br0) 192.168.0.247 8a:fd:d8:79:4e:17 iPhone
Nov 20 20:57:02 dnsmasq-dhcp[476]: DHCPREQUEST(br0) 192.168.0.247 8a:fd:d8:79:4e:17 
Nov 20 20:57:02 dnsmasq-dhcp[476]: DHCPACK(br0) 192.168.0.247 8a:fd:d8:79:4e:17 iPhone
Nov 20 20:58:24 dnsmasq-dhcp[476]: DHCPDISCOVER(br0) 1e:88:ff:78:d3:02 
Nov 20 20:58:24 dnsmasq-dhcp[476]: DHCPOFFER(br0) 192.168.0.83 1e:88:ff:78:d3:02 
Nov 20 21:03:44 dnsmasq-dhcp[476]: DHCPDISCOVER(br0) 1e:88:ff:78:d3:02 
Nov 20 21:03:44 dnsmasq-dhcp[476]: DHCPOFFER(br0) 192.168.0.83 1e:88:ff:78:d3:02 
Nov 20 21:03:45 dnsmasq-dhcp[476]: DHCPREQUEST(br0) 192.168.0.83 1e:88:ff:78:d3:02 
Nov 20 21:03:45 dnsmasq-dhcp[476]: DHCPACK(br0) 192.168.0.83 1e:88:ff:78:d3:02 iPhone
Nov 20 21:05:08 pptpd[4500]: CTRL: Client 124.2.53.252 control connection started
Nov 20 21:05:08 pptpd[4500]: CTRL: Starting call (launching pppd, opening GRE)
Nov 20 21:05:08 pptp[4501]: Plugin pptp.so loaded.
Nov 20 21:05:08 pptp[4501]: PPTP plugin version 0.8.5 compiled for pppd-2.4.7, linux-2.6.36.4
Nov 20 21:05:08 pptp[4501]: pppd 2.4.7 started by utylee, uid 0
Nov 20 21:05:08 pptp[4501]: Using interface ppp10
Nov 20 21:05:08 pptp[4501]: Connect: ppp10 <--> pptp (124.2.53.252)
Nov 20 21:05:08 pptpd[4500]: CTRL: Ignored a SET LINK INFO packet with real ACCMs!
Nov 20 21:05:08 pptp[4501]: No CHAP secret found for authenticating xd2d2420
Nov 20 21:05:08 pptp[4501]: Peer xd2d2420 failed CHAP authentication
Nov 20 21:05:08 pptp[4501]: Connection terminated.
Nov 20 21:05:08 pptpd[4500]: CTRL: Client pppd TERM sending
Nov 20 21:05:08 pptpd[4500]: CTRL: Client pppd finish wait
Nov 20 21:05:08 pptp[4501]: Exit.
Nov 20 21:05:08 pptpd[4500]: CTRL: Client 124.2.53.252 control connection finished
Nov 20 21:05:08 kernel: Interface ppp10 doesn't exist
Nov 20 21:05:08 kernel: Interface ppp10 doesn't exist
Nov 20 21:06:53 dnsmasq-dhcp[476]: DHCPREQUEST(br0) 192.168.0.102 b4:2e:99:07:76:fa 
Nov 20 21:06:53 dnsmasq-dhcp[476]: DHCPACK(br0) 192.168.0.102 b4:2e:99:07:76:fa DESKTOP-EF2VV4U
Nov 20 21:29:08 pptpd[4827]: CTRL: Client 178.128.66.56 control connection started
Nov 20 21:29:09 pptpd[4827]: CTRL: EOF or bad error reading ctrl packet length.
Nov 20 21:29:09 pptpd[4827]: CTRL: couldn't read packet header (exit)
Nov 20 21:29:09 pptpd[4827]: CTRL: CTRL read failed
Nov 20 21:29:09 pptpd[4827]: CTRL: Client 178.128.66.56 control connection finished
Nov 20 21:56:35 dnsmasq-dhcp[476]: DHCPDISCOVER(br0) e4:7c:f9:55:42:50 
Nov 20 21:56:35 dnsmasq-dhcp[476]: DHCPOFFER(br0) 192.168.0.150 e4:7c:f9:55:42:50 
Nov 20 21:56:35 dnsmasq-dhcp[476]: DHCPREQUEST(br0) 192.168.0.150 e4:7c:f9:55:42:50 
Nov 20 21:56:35 dnsmasq-dhcp[476]: DHCPACK(br0) 192.168.0.150 e4:7c:f9:55:42:50 
Nov 20 22:43:47 dnsmasq-dhcp[476]: DHCPREQUEST(br0) 192.168.0.202 00:1e:06:30:c7:3e 
Nov 20 22:43:47 dnsmasq-dhcp[476]: DHCPACK(br0) 192.168.0.202 00:1e:06:30:c7:3e odroid-HC1
Nov 20 23:00:02 disk_monitor: Got SIGALRM...
Nov 20 23:02:48 dnsmasq-dhcp[476]: DHCPREQUEST(br0) 192.168.0.202 00:1e:06:30:c7:3e 
Nov 20 23:02:48 dnsmasq-dhcp[476]: DHCPACK(br0) 192.168.0.202 00:1e:06:30:c7:3e odroid-HC1
Nov 20 23:03:52 dnsmasq-dhcp[476]: DHCPREQUEST(br0) 192.168.0.102 b4:2e:99:07:76:fa 
Nov 20 23:03:52 dnsmasq-dhcp[476]: DHCPACK(br0) 192.168.0.102 b4:2e:99:07:76:fa DESKTOP-EF2VV4U
Nov 20 23:04:09 miniupnpd[1022]: upnp_event_send: send(): Connection reset by peer
Nov 20 23:12:05 dnsmasq-dhcp[476]: DHCPREQUEST(br0) 192.168.0.202 00:1e:06:30:c7:3e 
Nov 20 23:12:05 dnsmasq-dhcp[476]: DHCPACK(br0) 192.168.0.202 00:1e:06:30:c7:3e odroid-HC1
Nov 20 23:17:28 dnsmasq-dhcp[476]: DHCPREQUEST(br0) 192.168.0.202 00:1e:06:30:c7:3e 
Nov 20 23:17:28 dnsmasq-dhcp[476]: DHCPACK(br0) 192.168.0.202 00:1e:06:30:c7:3e odroid-HC1
Nov 20 23:32:18 pptpd[6360]: CTRL: Client 192.241.214.142 control connection started
Nov 20 23:32:18 pptpd[6360]: CTRL: EOF or bad error reading ctrl packet length.
Nov 20 23:32:18 pptpd[6360]: CTRL: couldn't read packet header (exit)
Nov 20 23:32:18 pptpd[6360]: CTRL: CTRL read failed
Nov 20 23:32:18 pptpd[6360]: CTRL: Client 192.241.214.142 control connection finished
Nov 21 01:40:37 dnsmasq-dhcp[476]: DHCPREQUEST(br0) 192.168.0.202 00:1e:06:30:c7:3e 
Nov 21 01:40:37 dnsmasq-dhcp[476]: DHCPACK(br0) 192.168.0.202 00:1e:06:30:c7:3e odroid-HC1
Nov 21 01:51:47 rc_service: httpd 483:notify_rc stop_vpnserver1
Nov 21 01:51:48 openvpn[986]: event_wait : Interrupted system call (code=4)
Nov 21 01:51:48 openvpn[986]: Closing TUN/TAP interface
Nov 21 01:51:48 openvpn[986]: /usr/sbin/ip addr del dev tun21 10.8.0.1/24
Nov 21 01:51:48 openvpn[986]: PLUGIN_CLOSE: /usr/lib/openvpn-plugin-auth-pam.so
Nov 21 01:51:48 openvpn[986]: SIGTERM[hard,] received, process exiting
Nov 21 01:51:50 kernel: Interface tap21 doesn't exist
Nov 21 01:51:50 kernel: Interface tun21 doesn't exist
Nov 21 01:51:50 kernel: Interface tap21 doesn't exist
Nov 21 01:51:50 kernel: Interface tun21 doesn't exist
Nov 21 01:52:10 rc_service: httpd 483:notify_rc stop_pptpd
Nov 21 02:01:48 dnsmasq-dhcp[476]: DHCPREQUEST(br0) 192.168.0.202 00:1e:06:30:c7:3e 
Nov 21 02:01:48 dnsmasq-dhcp[476]: DHCPACK(br0) 192.168.0.202 00:1e:06:30:c7:3e odroid-HC1
Nov 21 02:07:48 dnsmasq-dhcp[476]: DHCPREQUEST(br0) 192.168.0.202 00:1e:06:30:c7:3e 
Nov 21 02:07:48 dnsmasq-dhcp[476]: DHCPACK(br0) 192.168.0.202 00:1e:06:30:c7:3e odroid-HC1
Nov 21 02:08:13 dnsmasq-dhcp[476]: DHCPREQUEST(br0) 192.168.0.203 00:1e:06:30:cc:5b 
Nov 21 02:08:13 dnsmasq-dhcp[476]: DHCPACK(br0) 192.168.0.203 00:1e:06:30:cc:5b odroid-HC2
Nov 21 02:09:52 rc_service: httpd 483:notify_rc reboot
Nov 21 02:09:53 dnsmasq[476]: read /etc/hosts - 5 addresses
Nov 21 02:09:53 dnsmasq[476]: read /etc/hosts.dnsmasq - 20 addresses
Nov 21 02:09:53 dnsmasq-dhcp[476]: read /etc/ethers - 21 addresses
Nov 21 02:09:53 dnsmasq[476]: using nameserver 168.126.63.2#53 for domain kornet 
Nov 21 02:09:53 dnsmasq[476]: using nameserver 168.126.63.1#53 for domain kornet 
Nov 21 02:09:53 dnsmasq[476]: using nameserver 168.126.63.1#53
Nov 21 02:09:53 dnsmasq[476]: using nameserver 168.126.63.2#53
Nov 21 02:09:53 miniupnpd[1022]: ioctl(s, SIOCGIFADDR, ...): Cannot assign requested address
Nov 21 02:09:53 miniupnpd[1022]: Failed to get IP for interface vlan2
Nov 21 02:09:53 miniupnpd[1022]: SendNATPMPPublicAddressChangeNotification: cannot get public IP address, stopping
Nov 21 02:09:54 dnsmasq[476]: read /etc/hosts - 5 addresses
Nov 21 02:09:54 dnsmasq[476]: read /etc/hosts.dnsmasq - 20 addresses
Nov 21 02:09:54 dnsmasq-dhcp[476]: read /etc/ethers - 21 addresses
Nov 21 02:09:54 dnsmasq[476]: using nameserver 168.126.63.2#53 for domain kornet 
Nov 21 02:09:54 dnsmasq[476]: using nameserver 168.126.63.1#53 for domain kornet 
Nov 21 02:09:54 dnsmasq[476]: using nameserver 168.126.63.1#53
Nov 21 02:09:54 dnsmasq[476]: using nameserver 168.126.63.2#53
Nov 21 02:09:54 iTunes: daemon is stopped
Nov 21 02:09:54 FTP_Server: daemon is stopped
Nov 21 02:09:54 Samba_Server: smb daemon is stopped
Nov 21 02:09:54 kernel: gro disabled
Nov 21 02:09:54 Timemachine: daemon is stopped
Nov 21 02:09:54 WEBDAV_Server: daemon is stopped
Nov 21 02:09:54 NAT_Tunnel: AAE Service is stopped
Nov 21 02:09:54 NAT_Tunnel: AAE Service is stopped
Nov 21 02:09:54 kernel: usbcore: deregistering interface driver cdc_mbim
Nov 21 02:09:54 kernel: usbcore: deregistering interface driver cdc_ncm
Nov 21 02:09:54 kernel: usbcore: deregistering interface driver qmi_wwan
Nov 21 02:09:54 kernel: usbcore: deregistering interface driver cdc_wdm
Nov 21 02:09:54 kernel: usbcore: deregistering interface driver rndis_host
Nov 21 02:09:54 kernel: usbcore: deregistering interface driver cdc_ether
Nov 21 02:09:54 kernel: usbcore: deregistering interface driver asix
Nov 21 02:09:54 kernel: usbcore: deregistering interface driver usblp
Aug  1 09:00:12 syslogd started: BusyBox v1.25.1
Aug  1 09:00:12 kernel: klogd started: BusyBox v1.25.1 (2017-07-16 21:49:40 MSK)
Aug  1 09:00:12 kernel: Linux version 2.6.36.4brcmarm (root@ubuntu) (gcc version 4.5.3 (Buildroot 2012.02) ) #1 SMP PREEMPT Sun Jul 16 21:53:39 MSK 2017
Aug  1 09:00:12 kernel: CPU: ARMv7 Processor [413fc090] revision 0 (ARMv7), cr=10c53c7f
Aug  1 09:00:12 kernel: CPU: VIPT nonaliasing data cache, VIPT nonaliasing instruction cache
Aug  1 09:00:12 kernel: Machine: Northstar Prototype
Aug  1 09:00:12 kernel: Ignoring unrecognised tag 0x00000000
Aug  1 09:00:12 kernel: bootconsole [earlycon0] enabled
Aug  1 09:00:12 kernel: Memory policy: ECC disabled, Data cache writealloc
Aug  1 09:00:12 kernel: MPCORE found at 19020000
Aug  1 09:00:12 kernel: PERCPU: Embedded 7 pages/cpu @c8215000 s5472 r8192 d15008 u65536
Aug  1 09:00:12 kernel: pcpu-alloc: s5472 r8192 d15008 u65536 alloc=16*4096
Aug  1 09:00:12 kernel: pcpu-alloc: [0] 0 [0] 1 
Aug  1 09:00:12 kernel: Built 1 zonelists in Zone order, mobility grouping on.  Total pages: 60416
Aug  1 09:00:12 kernel: Kernel command line: root=/dev/mtdblock2 console=ttyS0,115200 init=/sbin/preinit earlyprintk debug
Aug  1 09:00:12 kernel: PID hash table entries: 1024 (order: 0, 4096 bytes)
Aug  1 09:00:12 kernel: Dentry cache hash table entries: 32768 (order: 5, 131072 bytes)
Aug  1 09:00:12 kernel: Inode-cache hash table entries: 16384 (order: 4, 65536 bytes)
Aug  1 09:00:12 kernel: Memory: 128MB 128MB = 256MB total
Aug  1 09:00:12 kernel: Memory: 255512k/255512k available, 6632k reserved, 0K highmem
Aug  1 09:00:12 kernel: Virtual kernel memory layout:
Aug  1 09:00:12 kernel:     vector  : 0xffff0000 - 0xffff1000   (   4 kB)
Aug  1 09:00:12 kernel:     fixmap  : 0xfff00000 - 0xfffe0000   ( 896 kB)
Aug  1 09:00:12 kernel:     DMA     : 0xf7e00000 - 0xffe00000   ( 128 MB)
Aug  1 09:00:12 kernel:     vmalloc : 0xd0800000 - 0xf0000000   ( 504 MB)
Aug  1 09:00:12 kernel:     lowmem  : 0xc0000000 - 0xd0000000   ( 256 MB)
Aug  1 09:00:12 kernel:     modules : 0xbf000000 - 0xc0000000   (  16 MB)
Aug  1 09:00:12 kernel:       .init : 0xc0008000 - 0xc003d000   ( 212 kB)
Aug  1 09:00:12 kernel:       .text : 0xc003d000 - 0xc03a9000   (3504 kB)
Aug  1 09:00:12 kernel:       .data : 0xc03c0000 - 0xc03e32e0   ( 141 kB)
Aug  1 09:00:12 kernel: SLUB: Genslabs=11, HWalign=32, Order=0-3, MinObjects=0, CPUs=2, Nodes=1
Aug  1 09:00:12 kernel: Hierarchical RCU implementation.
Aug  1 09:00:12 kernel: 	RCU-based detection of stalled CPUs is disabled.
Aug  1 09:00:12 kernel: 	Verbose stalled-CPUs detection is disabled.
Aug  1 09:00:12 kernel: NR_IRQS:256
Aug  1 09:00:12 kernel: MPCORE GIC init
Aug  1 09:00:12 kernel: External imprecise Data abort at addr=0x0, fsr=0x1c06 ignored.
Aug  1 09:00:12 kernel: MPCORE Global Timer Clock 500000000Hz
Aug  1 09:00:12 kernel: Calibrating delay loop... 1998.84 BogoMIPS (lpj=9994240)
Aug  1 09:00:12 kernel: pid_max: default: 32768 minimum: 301
Aug  1 09:00:12 kernel: Mount-cache hash table entries: 512
Aug  1 09:00:12 kernel: CPU: Testing write buffer coherency: ok
Aug  1 09:00:12 kernel: MPCORE Private timer setup CPU0
Aug  1 09:00:12 kernel: Calibrating local timer... 499.834MHz.
Aug  1 09:00:12 kernel: L310: cache controller enabled 16 ways, CACHE_ID 0x410000c8, AUX_CTRL 0x7a130000
Aug  1 09:00:12 kernel: CPU1: Booted secondary processor
Aug  1 09:00:12 kernel: MPCORE Private timer setup CPU1
Aug  1 09:00:12 kernel: Brought up 2 CPUs
Aug  1 09:00:12 kernel: SMP: Total of 2 processors activated (3997.69 BogoMIPS).
Aug  1 09:00:12 kernel: devtmpfs: initialized
Aug  1 09:00:12 kernel: atomic64 test passed
Aug  1 09:00:12 kernel: NET: Registered protocol family 16
Aug  1 09:00:12 kernel: Found a Mxic NAND flash:
Aug  1 09:00:12 kernel: Total size:  128MB
Aug  1 09:00:12 kernel: Block size:  128KB
Aug  1 09:00:12 kernel: Page Size:   2048B
Aug  1 09:00:12 kernel: OOB Size:    64B
Aug  1 09:00:12 kernel: Sector size: 512B
Aug  1 09:00:12 kernel: Spare size:  16B
Aug  1 09:00:12 kernel: ECC level:   8 (8-bit)
Aug  1 09:00:12 kernel: Device ID: 0xc2 0xf1 0x80 0x95 0x 2 0x00
Aug  1 09:00:12 kernel: CCA UART Clock Config: Sel=1 Ovr=1 Div=48
Aug  1 09:00:12 kernel: CCA UART Clock rate 125000000Hz
Aug  1 09:00:12 kernel: bio: create slab <bio-0> at 0
Aug  1 09:00:12 kernel: Switching to clocksource mpcore_gtimer
Aug  1 09:00:12 kernel: NET: Registered protocol family 2
Aug  1 09:00:12 kernel: IP route cache hash table entries: 2048 (order: 1, 8192 bytes)
Aug  1 09:00:12 kernel: TCP established hash table entries: 8192 (order: 4, 65536 bytes)
Aug  1 09:00:12 kernel: TCP bind hash table entries: 8192 (order: 4, 98304 bytes)
Aug  1 09:00:12 kernel: TCP: Hash tables configured (established 8192 bind 8192)
Aug  1 09:00:12 kernel: TCP reno registered
Aug  1 09:00:12 kernel: UDP hash table entries: 128 (order: 0, 4096 bytes)
Aug  1 09:00:12 kernel: UDP-Lite hash table entries: 128 (order: 0, 4096 bytes)
Aug  1 09:00:12 kernel: NET: Registered protocol family 1
Aug  1 09:00:12 kernel: PCI: no core
Aug  1 09:00:12 kernel: PCI: no core
Aug  1 09:00:12 kernel: PCI: scanning bus 0
Aug  1 09:00:12 kernel: PCI: Fixing up bus 0
Aug  1 09:00:12 kernel: PCIE1 link=1
Aug  1 09:00:12 kernel: PCIE1 switching to GEN2
Aug  1 09:00:12 kernel: PCIE1 link=1
Aug  1 09:00:12 kernel: PCI: Fixing up bus 0
Aug  1 09:00:12 kernel: PCI: bus0: Fast back to back transfers disabled
Aug  1 09:00:12 kernel: PCI: Fixing up bus 1
Aug  1 09:00:12 kernel: PCI: bus1: Fast back to back transfers disabled
Aug  1 09:00:12 kernel: pci 0001:00:00.0: BAR 8: assigned [mem 0x08000000-0x080fffff]
Aug  1 09:00:12 kernel: pci 0001:01:00.0: BAR 0: assigned [mem 0x08000000-0x08007fff 64bit]
Aug  1 09:00:12 kernel: pci 0001:01:00.0: BAR 0: set to [mem 0x08000000-0x08007fff 64bit] (PCI address [0x8000000-0x8007fff]
Aug  1 09:00:12 kernel: pci 0001:00:00.0: PCI bridge to [bus 01-01]
Aug  1 09:00:12 kernel: pci 0001:00:00.0:   bridge window [io  disabled]
Aug  1 09:00:12 kernel: pci 0001:00:00.0:   bridge window [mem 0x08000000-0x080fffff]
Aug  1 09:00:12 kernel: pci 0001:00:00.0:   bridge window [mem pref disabled]
Aug  1 09:00:12 kernel: PCIE2 link=1
Aug  1 09:00:12 kernel: PCIE2 switching to GEN2
Aug  1 09:00:12 kernel: PCIE2 link=1
Aug  1 09:00:12 kernel: PCI: Fixing up bus 0
Aug  1 09:00:12 kernel: PCI: bus0: Fast back to back transfers disabled
Aug  1 09:00:12 kernel: PCI: Fixing up bus 2
Aug  1 09:00:12 kernel: PCI: bus2: Fast back to back transfers disabled
Aug  1 09:00:12 kernel: pci 0002:00:00.0: BAR 8: assigned [mem 0x40000000-0x400fffff]
Aug  1 09:00:12 kernel: pci 0002:02:00.0: BAR 0: assigned [mem 0x40000000-0x40007fff 64bit]
Aug  1 09:00:12 kernel: pci 0002:02:00.0: BAR 0: set to [mem 0x40000000-0x40007fff 64bit] (PCI address [0x40000000-0x40007fff]
Aug  1 09:00:12 kernel: pci 0002:00:00.0: PCI bridge to [bus 02-02]
Aug  1 09:00:12 kernel: pci 0002:00:00.0:   bridge window [io  disabled]
Aug  1 09:00:12 kernel: pci 0002:00:00.0:   bridge window [mem 0x40000000-0x400fffff]
Aug  1 09:00:12 kernel: pci 0002:00:00.0:   bridge window [mem pref disabled]
Aug  1 09:00:12 kernel: PCIE3 link=0
Aug  1 09:00:12 kernel: VFS: Disk quotas dquot_6.5.2
Aug  1 09:00:12 kernel: Dquot-cache hash table entries: 1024 (order 0, 4096 bytes)
Aug  1 09:00:12 kernel: squashfs: version 4.0 (2009/01/31) Phillip Lougher
Aug  1 09:00:12 kernel: fuse init (API version 7.15)
Aug  1 09:00:12 kernel: msgmni has been set to 499
Aug  1 09:00:12 kernel: io scheduler noop registered (default)
Aug  1 09:00:12 kernel: io scheduler deadline registered
Aug  1 09:00:12 kernel: io scheduler cfq registered
Aug  1 09:00:12 kernel: Serial: 8250/16550 driver, 2 ports, IRQ sharing disabled
Aug  1 09:00:12 kernel: serial8250.0: ttyS0 at MMIO 0x18000300 (irq = 117) is a 16550
Aug  1 09:00:12 kernel: console [ttyS0] enabled, bootconsole disabled
Aug  1 09:00:12 kernel: serial8250.0: ttyS1 at MMIO 0x18000400 (irq = 117) is a 16550
Aug  1 09:00:12 kernel: brd: module loaded
Aug  1 09:00:12 kernel: loop: module loaded
Aug  1 09:00:12 kernel: pflash: found no supported devices
Aug  1 09:00:12 kernel: bcmsflash: found no supported devices
Aug  1 09:00:12 kernel: Boot partition size = 524288(0x80000)
Aug  1 09:00:12 kernel: lookup_nflash_rootfs_offset: offset = 0x200000
Aug  1 09:00:12 kernel: nflash: squash filesystem with lzma found at block 28
Aug  1 09:00:12 kernel: Creating 4 MTD partitions on "nflash":
Aug  1 09:00:12 kernel: 0x000000000000-0x000000080000 : "boot"
Aug  1 09:00:12 kernel: 0x000000080000-0x000000200000 : "nvram"
Aug  1 09:00:12 kernel: 0x000000200000-0x000002000000 : "linux"
Aug  1 09:00:12 kernel: 0x00000039d3a4-0x000002000000 : "rootfs"
Aug  1 09:00:12 kernel: PPP generic driver version 2.4.2
Aug  1 09:00:12 kernel: PPP MPPE Compression module registered
Aug  1 09:00:12 kernel: NET: Registered protocol family 24
Aug  1 09:00:12 kernel: PPTP driver version 0.8.5
Aug  1 09:00:12 kernel: Mirror/redirect action on
Aug  1 09:00:12 kernel: u32 classifier
Aug  1 09:00:12 kernel:     Actions configured
Aug  1 09:00:12 kernel: Netfilter messages via NETLINK v0.30.
Aug  1 09:00:12 kernel: nf_conntrack version 0.5.0 (3992 buckets, 15968 max)
Aug  1 09:00:12 kernel: xt_time: kernel timezone is -0000
Aug  1 09:00:12 kernel: ip_tables: (C) 2000-2006 Netfilter Core Team
Aug  1 09:00:12 kernel: TCP cubic registered
Aug  1 09:00:12 kernel: NET: Registered protocol family 10
Aug  1 09:00:12 kernel: ip6_tables: (C) 2000-2006 Netfilter Core Team
Aug  1 09:00:12 kernel: NET: Registered protocol family 17
Aug  1 09:00:12 kernel: L2TP core driver, V2.0
Aug  1 09:00:12 kernel: PPPoL2TP kernel driver, V2.0
Aug  1 09:00:12 kernel: 802.1Q VLAN Support v1.8 Ben Greear <greearb@candelatech.com>
Aug  1 09:00:12 kernel: All bugs added by David S. Miller <davem@redhat.com>
Aug  1 09:00:12 kernel: Registering the dns_resolver key type
Aug  1 09:00:12 kernel: Northstar brcmnand NAND Flash Controller driver, Version 0.1 (c) Broadcom Inc. 2012
Aug  1 09:00:12 kernel: NAND device: Manufacturer ID: 0xc2, Chip ID: 0xf1 (Unknown NAND 128MiB 3,3V 8-bit)
Aug  1 09:00:12 kernel: Spare area=64 eccbytes 56, ecc bytes located at:
Aug  1 09:00:12 kernel:  2 3 4 5 6 7 8 9 10 11 12 13 14 15 18 19 20 21 22 23 24 25 26 27 28 29 30 31 34 35 36 37 38 39 40 41 42 43 44 45 46 47 50 51 52 53 54 55 56 57 58 59 60 61 62 63
Aug  1 09:00:12 kernel: Available 7 bytes at (off,len):
Aug  1 09:00:12 kernel: (1,1) (16,2) (32,2) (48,2) (0,0) (0,0) (0,0) (0,0) 
Aug  1 09:00:12 kernel: Scanning device for bad blocks
Aug  1 09:00:12 kernel: Bad eraseblock 288 at 0x000002400000
Aug  1 09:00:12 kernel: Options: NO_AUTOINCR,NO_READRDY,
Aug  1 09:00:12 kernel: Creating 2 MTD partitions on "brcmnand":
Aug  1 09:00:12 kernel: 0x000002600000-0x000007ec0000 : "brcmnand"
Aug  1 09:00:12 kernel: 0x000007ec0000-0x000008000000 : "asus"
Aug  1 09:00:12 kernel: VFS: Mounted root (squashfs filesystem) readonly on device 31:3.
Aug  1 09:00:12 kernel: devtmpfs: mounted
Aug  1 09:00:12 kernel: Freeing init memory: 212K
Aug  1 09:00:12 kernel: ctf: module license 'Proprietary' taints kernel.
Aug  1 09:00:12 kernel: Disabling lock debugging due to kernel taint
Aug  1 09:00:12 kernel: et_module_init: passivemode set to 0x0
Aug  1 09:00:12 kernel: et_module_init: txworkq set to 0x0
Aug  1 09:00:12 kernel: et_module_init: et_txq_thresh set to 0xce4
Aug  1 09:00:12 kernel: aux0: Broadcom BCM47XX 10/100/1000 Mbps Ethernet Controller 6.37.14.126 (r561982)
Aug  1 09:00:12 kernel: eth0: Broadcom BCM47XX 10/100/1000 Mbps Ethernet Controller 6.37.14.126 (r561982)
Aug  1 09:00:12 kernel: wl_module_init: passivemode set to 0x0
Aug  1 09:00:12 kernel: wl_module_init: igs set to 0x0
Aug  1 09:00:12 kernel: wl_module_init: txworkq set to 0x0
Aug  1 09:00:12 kernel: eth1: Broadcom BCM4360 802.11 Wireless Controller 6.37.14.126 (r561982)
Aug  1 09:00:12 kernel: eth2: Broadcom BCM4360 802.11 Wireless Controller 6.37.14.126 (r561982)
Aug  1 09:00:12 kernel: JFFS2 version 2.2. (NAND) Â© 2001-2006 Red Hat, Inc.
Aug  1 09:00:13 kernel: device vlan1 entered promiscuous mode
Aug  1 09:00:13 kernel: device eth0 entered promiscuous mode
Aug  1 09:00:13 kernel: device eth1 entered promiscuous mode
Aug  1 09:00:13 kernel: device eth2 entered promiscuous mode
Aug  1 09:00:13 kernel: br0: topology change detected, propagating
Aug  1 09:00:13 kernel: br0: port 3(eth2) entering forwarding state
Aug  1 09:00:13 kernel: br0: port 3(eth2) entering forwarding state
Aug  1 09:00:13 kernel: br0: topology change detected, propagating
Aug  1 09:00:13 kernel: br0: port 2(eth1) entering forwarding state
Aug  1 09:00:13 kernel: br0: port 2(eth1) entering forwarding state
Aug  1 09:00:13 kernel: br0: topology change detected, propagating
Aug  1 09:00:13 kernel: br0: port 1(vlan1) entering forwarding state
Aug  1 09:00:13 kernel: br0: port 1(vlan1) entering forwarding state
Aug  1 09:00:14 WAN_Connection: ISP's DHCP did not function properly.
Aug  1 09:00:14 dropbear[468]: Running in background
Aug  1 09:00:18 dnsmasq[478]: started, version 2.76 cachesize 1500
Aug  1 09:00:18 dnsmasq[478]: asynchronous logging enabled, queue limit is 5 messages
Aug  1 09:00:18 dnsmasq-dhcp[478]: DHCP, IP range 192.168.0.2 -- 192.168.0.254, lease time 1d
Aug  1 09:00:18 dnsmasq[478]: read /etc/hosts - 5 addresses
Aug  1 09:00:18 dnsmasq[478]: read /etc/hosts.dnsmasq - 20 addresses
Aug  1 09:00:18 dnsmasq-dhcp[478]: read /etc/ethers - 21 addresses
Aug  1 09:00:18 R7000: start httpd - SSL
Aug  1 09:00:18 R7000: start httpd
Aug  1 09:00:18 crond[487]: crond (busybox 1.25.1) started, log level 8
Aug  1 09:00:18 snooper[495]: started on vlan1@br0
Aug  1 09:00:18 jffs2: valid logs(1)
Aug  1 09:00:18 disk_monitor: be idle
Aug  1 09:00:18 wan: mac clone: [wan0_hwaddr] == [b4:2e:99:07:76:fa]
Aug  1 09:00:18 hour_monitor: daemon is starting
Aug  1 09:00:18 hour_monitor: daemon terminates
Aug  1 09:00:18 syslog: Generating SSL certificate...
Aug  1 09:00:19 dnsmasq[478]: read /etc/hosts - 5 addresses
Aug  1 09:00:19 dnsmasq[478]: read /etc/hosts.dnsmasq - 20 addresses
Aug  1 09:00:19 dnsmasq-dhcp[478]: read /etc/ethers - 21 addresses
Aug  1 09:00:19 kernel: usbcore: registered new interface driver usbfs
Aug  1 09:00:19 kernel: usbcore: registered new interface driver hub
Aug  1 09:00:19 kernel: usbcore: registered new device driver usb
Aug  1 09:00:19 syslog: module ledtrig-usbdev not found in modules.dep
Aug  1 09:00:19 syslog: module leds-usb not found in modules.dep
Aug  1 09:00:19 kernel: SCSI subsystem initialized
Aug  1 09:00:19 kernel: csw_retry 100
Aug  1 09:00:19 kernel: Initializing USB Mass Storage driver...
Aug  1 09:00:19 kernel: usbcore: registered new interface driver usb-storage
Aug  1 09:00:19 kernel: USB Mass Storage support registered.
Aug  1 09:00:19 rc_service: udhcpc 618:notify_rc start_firewall
Aug  1 09:00:19 dnsmasq[478]: read /etc/hosts - 5 addresses
Aug  1 09:00:19 dnsmasq[478]: read /etc/hosts.dnsmasq - 20 addresses
Aug  1 09:00:19 dnsmasq-dhcp[478]: read /etc/ethers - 21 addresses
Aug  1 09:00:19 dnsmasq[478]: using nameserver 168.126.63.2#53 for domain kornet 
Aug  1 09:00:19 dnsmasq[478]: using nameserver 168.126.63.1#53 for domain kornet 
Aug  1 09:00:19 dnsmasq[478]: using nameserver 168.126.63.1#53
Aug  1 09:00:19 dnsmasq[478]: using nameserver 168.126.63.2#53
Aug  1 09:00:20 rc_service: udhcpc 618:notify_rc stop_upnp
Aug  1 09:00:20 rc_service: waitting "start_firewall" via udhcpc ...
Aug  1 09:00:20 kernel: Tuxera FAT 12/16/32 driver version 3015.1.29.5_1 [Flags: R/W MODULE].
Aug  1 09:00:20 kernel: Built against headers 2.6.36.4brcmarm #1 SMP PREEMPT Wed Dec 2 11:17:39 CST 2015 arm
Aug  1 09:00:20 kernel: Running on kernel 2.6.36.4brcmarm #1 SMP PREEMPT Sun Jul 16 21:53:39 MSK 2017 armv7l
Aug  1 09:00:21 kernel: Tuxera NTFS driver 3015.1.29.8_1 [Flags: R/W MODULE].
Aug  1 09:00:21 dnsmasq-dhcp[478]: DHCPREQUEST(br0) 192.168.0.202 00:1e:06:30:c7:3e 
Aug  1 09:00:21 dnsmasq-dhcp[478]: DHCPACK(br0) 192.168.0.202 00:1e:06:30:c7:3e odroid-HC1
Aug  1 09:00:21 kernel: Tuxera HFS+ driver 3014.7.28
Aug  1 09:00:21 kernel: ehci_hcd: USB 2.0 'Enhanced' Host Controller (EHCI) Driver
Aug  1 09:00:21 kernel: ehci_hcd 0000:00:0b.1: EHCI Host Controller
Aug  1 09:00:21 kernel: ehci_hcd 0000:00:0b.1: new USB bus registered, assigned bus number 1
Aug  1 09:00:21 kernel: ehci_hcd 0000:00:0b.1: irq 111, io mem 0x18021000
Aug  1 09:00:21 kernel: ehci_hcd 0000:00:0b.1: USB 0.0 started, EHCI 1.00
Aug  1 09:00:21 kernel: hub 1-0:1.0: USB hub found
Aug  1 09:00:21 kernel: hub 1-0:1.0: 2 ports detected
Aug  1 09:00:21 kernel: ohci_hcd: USB 1.1 'Open' Host Controller (OHCI) Driver
Aug  1 09:00:21 kernel: ohci_hcd 0000:00:0b.0: OHCI Host Controller
Aug  1 09:00:21 kernel: ohci_hcd 0000:00:0b.0: new USB bus registered, assigned bus number 2
Aug  1 09:00:21 kernel: ohci_hcd 0000:00:0b.0: irq 111, io mem 0x18022000
Aug  1 09:00:21 kernel: hub 2-0:1.0: USB hub found
Aug  1 09:00:21 kernel: hub 2-0:1.0: 2 ports detected
Aug  1 09:00:21 kernel: usbcore: registered new interface driver usblp
Aug  1 09:00:21 kernel: usbcore: registered new interface driver asix
Aug  1 09:00:21 kernel: usbcore: registered new interface driver cdc_ether
Aug  1 09:00:21 kernel: usbcore: registered new interface driver rndis_host
Aug  1 09:00:22 kernel: cdc_ncm: 14-Mar-2012
Aug  1 09:00:22 kernel: usbcore: registered new interface driver cdc_ncm
Aug  1 09:00:22 kernel: usbcore: registered new interface driver cdc_wdm
Aug  1 09:00:22 kernel: usbcore: registered new interface driver qmi_wwan
Aug  1 09:00:22 kernel: cdc_mbim: loaded
Aug  1 09:00:22 kernel: usbcore: registered new interface driver cdc_mbim
Aug  1 09:00:22 dnsmasq-dhcp[478]: DHCPDISCOVER(br0) 18:c0:4d:11:2c:dc 
Aug  1 09:00:22 dnsmasq-dhcp[478]: DHCPOFFER(br0) 192.168.0.204 18:c0:4d:11:2c:dc 
Aug  1 09:00:22 dnsmasq-dhcp[478]: DHCPREQUEST(br0) 192.168.0.204 18:c0:4d:11:2c:dc 
Aug  1 09:00:22 dnsmasq-dhcp[478]: DHCPACK(br0) 192.168.0.204 18:c0:4d:11:2c:dc GIGABYTE-J4105
Aug  1 09:00:23 start_nat_rules: apply the nat_rules(/tmp/nat_rules_vlan2_vlan2)!
Aug  1 09:00:24 dnsmasq-dhcp[478]: DHCPREQUEST(br0) 192.168.0.247 8a:fd:d8:79:4e:17 
Aug  1 09:00:24 dnsmasq-dhcp[478]: DHCPACK(br0) 192.168.0.247 8a:fd:d8:79:4e:17 iPhone
Aug  1 09:00:24 WAN_Connection: WAN was restored.
Aug  1 09:00:24 kernel: nf_conntrack_rtsp v0.6.21 loading
Aug  1 09:00:24 kernel: nf_nat_rtsp v0.6.21 loading
Aug  1 09:00:25 rc_service: udhcpc 618:notify_rc start_upnp
Aug  1 09:00:25 rc_service: waitting "stop_upnp" via udhcpc ...
Aug  1 09:00:26 custom_script: Running /jffs/scripts/ddns-start (args: 59.12.183.26)
Aug  1 09:00:27 miniupnpd[828]: HTTP listening on port 40157
Aug  1 09:00:27 miniupnpd[828]: Listening for NAT-PMP/PCP traffic on port 5351
Aug  1 09:00:27 utylee: DDNS Request URL: https://www.duckdns.org/update?domains=utylee&token=5882867e-afb1-4242-82cd-ed3b3baa0eea&ip=59.12.183.26&ipv6=
Aug  1 09:00:27 ntp: start NTP update
Nov 21 02:11:29 rc_service: ntp 826:notify_rc restart_upnp
Nov 21 02:11:29 miniupnpd[828]: shutting down MiniUPnPd
Nov 21 02:11:30 miniupnpd[848]: HTTP listening on port 54669
Nov 21 02:11:30 miniupnpd[848]: Listening for NAT-PMP/PCP traffic on port 5351
Nov 21 02:11:30 rc_service: ntp 826:notify_rc restart_diskmon
Nov 21 02:11:30 disk_monitor: Finish
Nov 21 02:11:32 disk_monitor: be idle
Nov 21 02:11:32 utylee: DDNS Request result: OK
Nov 21 02:11:32 ddns: Completed custom ddns update
Nov 21 02:11:32 dhcp_client: bound 59.12.183.26 via 59.12.183.1 during 3600 seconds.
Nov 21 02:11:36 dnsmasq-dhcp[478]: DHCPREQUEST(br0) 192.168.0.107 a8:66:7f:14:a1:44 
Nov 21 02:11:36 dnsmasq-dhcp[478]: DHCPACK(br0) 192.168.0.107 a8:66:7f:14:a1:44 utylee-MacBook
Nov 21 02:11:42 dnsmasq-dhcp[478]: DHCPDISCOVER(br0) 192.168.0.102 b4:2e:99:07:76:fa 
Nov 21 02:11:42 dnsmasq-dhcp[478]: DHCPOFFER(br0) 192.168.0.102 b4:2e:99:07:76:fa 
Nov 21 02:11:42 dnsmasq-dhcp[478]: DHCPREQUEST(br0) 192.168.0.102 b4:2e:99:07:76:fa 
